Component: ARM Compiler 5.06 update 5 (build 528) Tool: armlink [4d35e2]

==============================================================================

Section Cross References

    main.o(i.ESP8266_Init_Sequence) refers to usart.o(i.Send_String) for Send_String
    main.o(i.ESP8266_Init_Sequence) refers to main.o(i.ESP_Send_Check) for ESP_Send_Check
    main.o(i.ESP8266_Init_Sequence) refers to printfa.o(i.__0snprintf) for __2snprintf
    main.o(i.ESP8266_Init_Sequence) refers to memseta.o(.text) for __aeabi_memclr
    main.o(i.ESP8266_Init_Sequence) refers to main.o(.data) for is_mqtt_running
    main.o(i.ESP8266_Init_Sequence) refers to usart.o(.bss) for message
    main.o(i.ESP_Send_Check) refers to memseta.o(.text) for __aeabi_memclr
    main.o(i.ESP_Send_Check) refers to usart.o(i.Send_String) for Send_String
    main.o(i.ESP_Send_Check) refers to strstr.o(.text) for strstr
    main.o(i.ESP_Send_Check) refers to delay.o(i.delayMs) for delayMs
    main.o(i.ESP_Send_Check) refers to usart.o(.bss) for message
    main.o(i.USART1_IRQHandler) refers to stm32f10x_usart.o(i.USART_GetITStatus) for USART_GetITStatus
    main.o(i.USART1_IRQHandler) refers to stm32f10x_usart.o(i.USART_ReceiveData) for USART_ReceiveData
    main.o(i.USART1_IRQHandler) refers to stm32f10x_dma.o(i.DMA_GetCurrDataCounter) for DMA_GetCurrDataCounter
    main.o(i.USART1_IRQHandler) refers to memseta.o(.text) for __aeabi_memclr
    main.o(i.USART1_IRQHandler) refers to memcpya.o(.text) for __aeabi_memcpy
    main.o(i.USART1_IRQHandler) refers to queue.o(i.xQueueGenericSendFromISR) for xQueueGenericSendFromISR
    main.o(i.USART1_IRQHandler) refers to stm32f10x_dma.o(i.DMA_Cmd) for DMA_Cmd
    main.o(i.USART1_IRQHandler) refers to stm32f10x_dma.o(i.DMA_SetCurrDataCounter) for DMA_SetCurrDataCounter
    main.o(i.USART1_IRQHandler) refers to main.o(.data) for recvLen
    main.o(i.USART1_IRQHandler) refers to usart.o(.bss) for message
    main.o(i.USART1_IRQHandler) refers to main.o(.bss) for jsonCache
    main.o(i.USART1_IRQHandler) refers to usart.o(.data) for uartRecvQueue
    main.o(i.createTasks) refers to port.o(i.vPortEnterCritical) for vPortEnterCritical
    main.o(i.createTasks) refers to tasks.o(i.xTaskCreate) for xTaskCreate
    main.o(i.createTasks) refers to port.o(i.vPortExitCritical) for vPortExitCritical
    main.o(i.createTasks) refers to tasks.o(i.vTaskDelete) for vTaskDelete
    main.o(i.createTasks) refers to main.o(.data) for deviceCtrlTaskHandle
    main.o(i.createTasks) refers to main.o(i.deviceCtrlTask) for deviceCtrlTask
    main.o(i.createTasks) refers to main.o(i.dhtTask) for dhtTask
    main.o(i.createTasks) refers to main.o(i.jsonTask) for jsonTask
    main.o(i.createTasks) refers to main.o(i.jsonParseTask) for jsonParseTask
    main.o(i.deviceCtrlTask) refers to led.o(i.setBrightness) for setBrightness
    main.o(i.deviceCtrlTask) refers to servo.o(i.setAngle) for setAngle
    main.o(i.deviceCtrlTask) refers to motor.o(i.forward) for forward
    main.o(i.deviceCtrlTask) refers to motor.o(i.back) for back
    main.o(i.deviceCtrlTask) refers to motor.o(i.stop) for stop
    main.o(i.deviceCtrlTask) refers to motor.o(i.setSpeed) for setSpeed
    main.o(i.deviceCtrlTask) refers to infrared.o(i.InfraredRead) for InfraredRead
    main.o(i.deviceCtrlTask) refers to buzzer.o(i.BuzzerOff) for BuzzerOff
    main.o(i.deviceCtrlTask) refers to buzzer.o(i.BuzzerOn) for BuzzerOn
    main.o(i.deviceCtrlTask) refers to tasks.o(i.vTaskDelay) for vTaskDelay
    main.o(i.deviceCtrlTask) refers to main.o(.data) for led_brightness
    main.o(i.dhtTask) refers to dht11.o(i.DHT_ReadData) for DHT_ReadData
    main.o(i.dhtTask) refers to dht11.o(i.DHT_GetTemperature) for DHT_GetTemperature
    main.o(i.dhtTask) refers to dht11.o(i.DHT_GetHumidity) for DHT_GetHumidity
    main.o(i.dhtTask) refers to tasks.o(i.vTaskDelay) for vTaskDelay
    main.o(i.dhtTask) refers to main.o(.data) for temp
    main.o(i.jsonExtractValue) refers to printfa.o(i.__0snprintf) for __2snprintf
    main.o(i.jsonExtractValue) refers to strstr.o(.text) for strstr
    main.o(i.jsonExtractValue) refers to strlen.o(.text) for strlen
    main.o(i.jsonExtractValue) refers to strncpy.o(.text) for strncpy
    main.o(i.jsonParseTask) refers to queue.o(i.xQueueReceive) for xQueueReceive
    main.o(i.jsonParseTask) refers to strlen.o(.text) for strlen
    main.o(i.jsonParseTask) refers to main.o(i.parseRecvJson) for parseRecvJson
    main.o(i.jsonParseTask) refers to memseta.o(.text) for __aeabi_memclr4
    main.o(i.jsonParseTask) refers to usart.o(.data) for uartRecvQueue
    main.o(i.jsonTask) refers to memseta.o(.text) for __aeabi_memclr
    main.o(i.jsonTask) refers to f2d.o(.text) for __aeabi_f2d
    main.o(i.jsonTask) refers to printfa.o(i.__0snprintf) for __2snprintf
    main.o(i.jsonTask) refers to strlen.o(.text) for strlen
    main.o(i.jsonTask) refers to queue.o(i.xQueueGenericReset) for xQueueGenericReset
[...]
    ../fplib/microlib/f2d.c                  0x00000000   Number         0  f2d.o ABSOLUTE
    ../fplib/microlib/fpadd.c                0x00000000   Number         0  dadd.o ABSOLUTE
    ../fplib/microlib/fpadd.c                0x00000000   Number         0  fadd.o ABSOLUTE
    ../fplib/microlib/fpdiv.c                0x00000000   Number         0  ddiv.o ABSOLUTE
    ../fplib/microlib/fpepilogue.c           0x00000000   Number         0  fepilogue.o ABSOLUTE
    ../fplib/microlib/fpepilogue.c           0x00000000   Number         0  depilogue.o ABSOLUTE
    ../fplib/microlib/fpfix.c                0x00000000   Number         0  dfixul.o ABSOLUTE
    ../fplib/microlib/fpflt.c                0x00000000   Number         0  ffltui.o ABSOLUTE
    ../fplib/microlib/fpmul.c                0x00000000   Number         0  dmul.o ABSOLUTE
    ../fplib/microlib/fpmul.c                0x00000000   Number         0  fmul.o ABSOLUTE
    D:\Keil_v5\ARM\PACK\Keil\STM32F1xx_DFP\2.2.0\Device\StdPeriph_Driver\src\misc.c 0x00000000   Number         0  misc.o ABSOLUTE
    D:\Keil_v5\ARM\PACK\Keil\STM32F1xx_DFP\2.2.0\Device\StdPeriph_Driver\src\stm32f10x_adc.c 0x00000000   Number         0  stm32f10x_adc.o ABSOLUTE
    D:\Keil_v5\ARM\PACK\Keil\STM32F1xx_DFP\2.2.0\Device\StdPeriph_Driver\src\stm32f10x_bkp.c 0x00000000   Number         0  stm32f10x_bkp.o ABSOLUTE
    D:\Keil_v5\ARM\PACK\Keil\STM32F1xx_DFP\2.2.0\Device\StdPeriph_Driver\src\stm32f10x_can.c 0x00000000   Number         0  stm32f10x_can.o ABSOLUTE
    D:\Keil_v5\ARM\PACK\Keil\STM32F1xx_DFP\2.2.0\Device\StdPeriph_Driver\src\stm32f10x_cec.c 0x00000000   Number         0  stm32f10x_cec.o ABSOLUTE
    D:\Keil_v5\ARM\PACK\Keil\STM32F1xx_DFP\2.2.0\Device\StdPeriph_Driver\src\stm32f10x_crc.c 0x00000000   Number         0  stm32f10x_crc.o ABSOLUTE
    D:\Keil_v5\ARM\PACK\Keil\STM32F1xx_DFP\2.2.0\Device\StdPeriph_Driver\src\stm32f10x_dac.c 0x00000000   Number         0  stm32f10x_dac.o ABSOLUTE
    D:\Keil_v5\ARM\PACK\Keil\STM32F1xx_DFP\2.2.0\Device\StdPeriph_Driver\src\stm32f10x_dbgmcu.c 0x00000000   Number         0  stm32f10x_dbgmcu.o ABSOLUTE
    D:\Keil_v5\ARM\PACK\Keil\STM32F1xx_DFP\2.2.0\Device\StdPeriph_Driver\src\stm32f10x_dma.c 0x00000000   Number         0  stm32f10x_dma.o ABSOLUTE
    D:\Keil_v5\ARM\PACK\Keil\STM32F1xx_DFP\2.2.0\Device\StdPeriph_Driver\src\stm32f10x_exti.c 0x00000000   Number         0  stm32f10x_exti.o ABSOLUTE
    D:\Keil_v5\ARM\PACK\Keil\STM32F1xx_DFP\2.2.0\Device\StdPeriph_Driver\src\stm32f10x_flash.c 0x00000000   Number         0  stm32f10x_flash.o ABSOLUTE
    D:\Keil_v5\ARM\PACK\Keil\STM32F1xx_DFP\2.2.0\Device\StdPeriph_Driver\src\stm32f10x_fsmc.c 0x00000000   Number         0  stm32f10x_fsmc.o ABSOLUTE
    D:\Keil_v5\ARM\PACK\Keil\STM32F1xx_DFP\2.2.0\Device\StdPeriph_Driver\src\stm32f10x_gpio.c 0x00000000   Number         0  stm32f10x_gpio.o ABSOLUTE
    D:\Keil_v5\ARM\PACK\Keil\STM32F1xx_DFP\2.2.0\Device\StdPeriph_Driver\src\stm32f10x_i2c.c 0x00000000   Number         0  stm32f10x_i2c.o ABSOLUTE
    D:\Keil_v5\ARM\PACK\Keil\STM32F1xx_DFP\2.2.0\Device\StdPeriph_Driver\src\stm32f10x_iwdg.c 0x00000000   Number         0  stm32f10x_iwdg.o ABSOLUTE
    D:\Keil_v5\ARM\PACK\Keil\STM32F1xx_DFP\2.2.0\Device\StdPeriph_Driver\src\stm32f10x_pwr.c 0x00000000   Number         0  stm32f10x_pwr.o ABSOLUTE
    D:\Keil_v5\ARM\PACK\Keil\STM32F1xx_DFP\2.2.0\Device\StdPeriph_Driver\src\stm32f10x_rcc.c 0x00000000   Number         0  stm32f10x_rcc.o ABSOLUTE
    D:\Keil_v5\ARM\PACK\Keil\STM32F1xx_DFP\2.2.0\Device\StdPeriph_Driver\src\stm32f10x_rtc.c 0x00000000   Number         0  stm32f10x_rtc.o ABSOLUTE
    D:\Keil_v5\ARM\PACK\Keil\STM32F1xx_DFP\2.2.0\Device\StdPeriph_Driver\src\stm32f10x_sdio.c 0x00000000   Number         0  stm32f10x_sdio.o ABSOLUTE
    D:\Keil_v5\ARM\PACK\Keil\STM32F1xx_DFP\2.2.0\Device\StdPeriph_Driver\src\stm32f10x_spi.c 0x00000000   Number         0  stm32f10x_spi.o ABSOLUTE
    D:\Keil_v5\ARM\PACK\Keil\STM32F1xx_DFP\2.2.0\Device\StdPeriph_Driver\src\stm32f10x_tim.c 0x00000000   Number         0  stm32f10x_tim.o ABSOLUTE
    D:\Keil_v5\ARM\PACK\Keil\STM32F1xx_DFP\2.2.0\Device\StdPeriph_Driver\src\stm32f10x_usart.c 0x00000000   Number         0  stm32f10x_usart.o ABSOLUTE
    D:\Keil_v5\ARM\PACK\Keil\STM32F1xx_DFP\2.2.0\Device\StdPeriph_Driver\src\stm32f10x_wwdg.c 0x00000000   Number         0  stm32f10x_wwdg.o ABSOLUTE
    D:\\Keil_v5\\ARM\\PACK\\Keil\\STM32F1xx_DFP\\2.2.0\\Device\\StdPeriph_Driver\\src\\misc.c 0x00000000   Number         0  misc.o ABSOLUTE
    D:\\Keil_v5\\ARM\\PACK\\Keil\\STM32F1xx_DFP\\2.2.0\\Device\\StdPeriph_Driver\\src\\stm32f10x_adc.c 0x00000000   Number         0  stm32f10x_adc.o ABSOLUTE
    D:\\Keil_v5\\ARM\\PACK\\Keil\\STM32F1xx_DFP\\2.2.0\\Device\\StdPeriph_Driver\\src\\stm32f10x_bkp.c 0x00000000   Number         0  stm32f10x_bkp.o ABSOLUTE
    D:\\Keil_v5\\ARM\\PACK\\Keil\\STM32F1xx_DFP\\2.2.0\\Device\\StdPeriph_Driver\\src\\stm32f10x_can.c 0x00000000   Number         0  stm32f10x_can.o ABSOLUTE
    D:\\Keil_v5\\ARM\\PACK\\Keil\\STM32F1xx_DFP\\2.2.0\\Device\\StdPeriph_Driver\\src\\stm32f10x_cec.c 0x00000000   Number         0  stm32f10x_cec.o ABSOLUTE
    D:\\Keil_v5\\ARM\\PACK\\Keil\\STM32F1xx_DFP\\2.2.0\\Device\\StdPeriph_Driver\\src\\stm32f10x_crc.c 0x00000000   Number         0  stm32f10x_crc.o ABSOLUTE
    D:\\Keil_v5\\ARM\\PACK\\Keil\\STM32F1xx_DFP\\2.2.0\\Device\\StdPeriph_Driver\\src\\stm32f10x_dac.c 0x00000000   Number         0  stm32f10x_dac.o ABSOLUTE
    D:\\Keil_v5\\ARM\\PACK\\Keil\\STM32F1xx_DFP\\2.2.0\\Device\\StdPeriph_Driver\\src\\stm32f10x_dbgmcu.c 0x00000000   Number         0  stm32f10x_dbgmcu.o ABSOLUTE
    D:\\Keil_v5\\ARM\\PACK\\Keil\\STM32F1xx_DFP\\2.2.0\\Device\\StdPeriph_Driver\\src\\stm32f10x_dma.c 0x00000000   Number         0  stm32f10x_dma.o ABSOLUTE
    D:\\Keil_v5\\ARM\\PACK\\Keil\\STM32F1xx_DFP\\2.2.0\\Device\\StdPeriph_Driver\\src\\stm32f10x_exti.c 0x00000000   Number         0  stm32f10x_exti.o ABSOLUTE
    D:\\Keil_v5\\ARM\\PACK\\Keil\\STM32F1xx_DFP\\2.2.0\\Device\\StdPeriph_Driver\\src\\stm32f10x_flash.c 0x00000000   Number         0  stm32f10x_flash.o ABSOLUTE
    D:\\Keil_v5\\ARM\\PACK\\Keil\\STM32F1xx_DFP\\2.2.0\\Device\\StdPeriph_Driver\\src\\stm32f10x_fsmc.c 0x00000000   Number         0  stm32f10x_fsmc.o ABSOLUTE
    D:\\Keil_v5\\ARM\\PACK\\Keil\\STM32F1xx_DFP\\2.2.0\\Device\\StdPeriph_Driver\\src\\stm32f10x_gpio.c 0x00000000   Number         0  stm32f10x_gpio.o ABSOLUTE
    D:\\Keil_v5\\ARM\\PACK\\Keil\\STM32F1xx_DFP\\2.2.0\\Device\\StdPeriph_Driver\\src\\stm32f10x_i2c.c 0x00000000   Number         0  stm32f10x_i2c.o ABSOLUTE
    D:\\Keil_v5\\ARM\\PACK\\Keil\\STM32F1xx_DFP\\2.2.0\\Device\\StdPeriph_Driver\\src\\stm32f10x_iwdg.c 0x00000000   Number         0  stm32f10x_iwdg.o ABSOLUTE
    D:\\Keil_v5\\ARM\\PACK\\Keil\\STM32F1xx_DFP\\2.2.0\\Device\\StdPeriph_Driver\\src\\stm32f10x_pwr.c 0x00000000   Number         0  stm32f10x_pwr.o ABSOLUTE
    D:\\Keil_v5\\ARM\\PACK\\Keil\\STM32F1xx_DFP\\2.2.0\\Device\\StdPeriph_Driver\\src\\stm32f10x_rcc.c 0x00000000   Number         0  stm32f10x_rcc.o ABSOLUTE
    D:\\Keil_v5\\ARM\\PACK\\Keil\\STM32F1xx_DFP\\2.2.0\\Device\\StdPeriph_Driver\\src\\stm32f10x_rtc.c 0x00000000   Number         0  stm32f10x_rtc.o ABSOLUTE
    D:\\Keil_v5\\ARM\\PACK\\Keil\\STM32F1xx_DFP\\2.2.0\\Device\\StdPeriph_Driver\\src\\stm32f10x_sdio.c 0x00000000   Number         0  stm32f10x_sdio.o ABSOLUTE
    D:\\Keil_v5\\ARM\\PACK\\Keil\\STM32F1xx_DFP\\2.2.0\\Device\\StdPeriph_Driver\\src\\stm32f10x_spi.c 0x00000000   Number         0  stm32f10x_spi.o ABSOLUTE
    D:\\Keil_v5\\ARM\\PACK\\Keil\\STM32F1xx_DFP\\2.2.0\\Device\\StdPeriph_Driver\\src\\stm32f10x_tim.c 0x00000000   Number         0  stm32f10x_tim.o ABSOLUTE
    D:\\Keil_v5\\ARM\\PACK\\Keil\\STM32F1xx_DFP\\2.2.0\\Device\\StdPeriph_Driver\\src\\stm32f10x_usart.c 0x00000000   Number         0  stm32f10x_usart.o ABSOLUTE
    D:\\Keil_v5\\ARM\\PACK\\Keil\\STM32F1xx_DFP\\2.2.0\\Device\\StdPeriph_Driver\\src\\stm32f10x_wwdg.c 0x00000000   Number         0  stm32f10x_wwdg.o ABSOLUTE
    FreeRTOS\\port\\port.c                   0x00000000   Number         0  port.o ABSOLUTE
    FreeRTOS\port\heap_4.c                   0x00000000   Number         0  heap_4.o ABSOLUTE
    FreeRTOS\port\port.c                     0x00000000   Number         0  port.o ABSOLUTE
    FreeRTOS\src\croutine.c                  0x00000000   Number         0  croutine.o ABSOLUTE
    FreeRTOS\src\event_groups.c              0x00000000   Number         0  event_groups.o ABSOLUTE
    FreeRTOS\src\list.c                      0x00000000   Number         0  list.o ABSOLUTE
    FreeRTOS\src\queue.c                     0x00000000   Number         0  queue.o ABSOLUTE
    FreeRTOS\src\stream_buffer.c             0x00000000   Number         0  stream_buffer.o ABSOLUTE
    FreeRTOS\src\tasks.c                     0x00000000   Number         0  tasks.o ABSOLUTE
    FreeRTOS\src\timers.c                    0x00000000   Number         0  timers.o ABSOLUTE
    Hardware\DHT11.c                         0x00000000   Number         0  dht11.o ABSOLUTE
    Hardware\Motor.c                         0x00000000   Number         0  motor.o ABSOLUTE
    Hardware\OLED.c                          0x00000000   Number         0  oled.o ABSOLUTE
    Hardware\USART.c                         0x00000000   Number         0  usart.o ABSOLUTE
    Hardware\\DHT11.c                        0x00000000   Number         0  dht11.o ABSOLUTE
    Hardware\\Motor.c                        0x00000000   Number         0  motor.o ABSOLUTE
    Hardware\\OLED.c                         0x00000000   Number         0  oled.o ABSOLUTE
    Hardware\\USART.c                        0x00000000   Number         0  usart.o ABSOLUTE
    Hardware\\buzzer.c                       0x00000000   Number         0  buzzer.o ABSOLUTE
    Hardware\\infrared.c                     0x00000000   Number         0  infrared.o ABSOLUTE
    Hardware\\led.c                          0x00000000   Number         0  led.o ABSOLUTE
    Hardware\\servo.c                        0x00000000   Number         0  servo.o ABSOLUTE
    Hardware\buzzer.c                        0x00000000   Number         0  buzzer.o ABSOLUTE
    Hardware\fm.c                            0x00000000   Number         0  fm.o ABSOLUTE
    Hardware\infrared.c                      0x00000000   Number         0  infrared.o ABSOLUTE
    Hardware\led.c                           0x00000000   Number         0  led.o ABSOLUTE
    Hardware\servo.c                         0x00000000   Number         0  servo.o ABSOLUTE
    RTE\Device\STM32F103C8\startup_stm32f10x_md.s 0x00000000   Number         0  startup_stm32f10x_md.o ABSOLUTE
    RTE\Device\STM32F103C8\system_stm32f10x.c 0x00000000   Number         0  system_stm32f10x.o ABSOLUTE
    RTE\\Device\\STM32F103C8\\system_stm32f10x.c 0x00000000   Number         0  system_stm32f10x.o ABSOLUTE
    System\Delay.c                           0x00000000   Number         0  delay.o ABSOLUTE
    System\\Delay.c                          0x00000000   Number         0  delay.o ABSOLUTE
    User\\main.c                             0x00000000   Number         0  main.o ABSOLUTE
    User\main.c                              0x00000000   Number         0  main.o ABSOLUTE
    cdrcmple.s                               0x00000000   Number         0  cdrcmple.o ABSOLUTE
    dc.s                                     0x00000000   Number         0  dc.o ABSOLUTE
    handlers.s                               0x00000000   Number         0  handlers.o ABSOLUTE
    init.s                                   0x00000000   Number         0  init.o ABSOLUTE
    RESET                                    0x08000000   Section      236  startup_stm32f10x_md.o(RESET)
    .ARM.Collect$$$$00000000                 0x080000ec   Section        0  entry.o(.ARM.Collect$$$$00000000)
    .ARM.Collect$$$$00000001                 0x080000ec   Section        4  entry2.o(.ARM.Collect$$$$00000001)
    .ARM.Collect$$$$00000004                 0x080000f0   Section        4  entry5.o(.ARM.Collect$$$$00000004)
    .ARM.Collect$$$$00000008                 0x080000f4   Section        0  entry7b.o(.ARM.Collect$$$$00000008)
    .ARM.Collect$$$$0000000A                 0x080000f4   Section        0  entry8b.o(.ARM.Collect$$$$0000000A)
    .ARM.Collect$$$$0000000B                 0x080000f4   Section        8  entry9a.o(.ARM.Collect$$$$0000000B)
    .ARM.Collect$$$$0000000D                 0x080000fc   Section        0  entry10a.o(.ARM.Collect$$$$0000000D)
    .ARM.Collect$$$$0000000F                 0x080000fc   Section        0  entry11a.o(.ARM.Collect$$$$0000000F)
    .ARM.Collect$$$$00002712                 0x080000fc   Section        4  entry2.o(.ARM.Collect$$$$00002712)
    __lit__00000000                          0x080000fc   Data           4  entry2.o(.ARM.Collect$$$$00002712)
    .emb_text                                0x08000100   Section      150  port.o(.emb_text)
    .text                                    0x08000198   Section       36  startup_stm32f10x_md.o(.text)
    .text                                    0x080001bc   Section        0  memcpya.o(.text)
    .text                                    0x080001e0   Section        0  memseta.o(.text)
    .text                                    0x08000204   Section        0  strstr.o(.text)
    .text                                    0x08000228   Section        0  strncpy.o(.text)
    .text                                    0x08000240   Section        0  strlen.o(.text)
    .text                                    0x0800024e   Section        0  atoi.o(.text)
    .text                                    0x08000268   Section        0  fadd.o(.text)
    .text                                    0x08000318   Section        0  fmul.o(.text)
    .text                                    0x0800037c   Section        0  ffltui.o(.text)
    .text                                    0x08000386   Section        0  f2d.o(.text)
    .text                                    0x080003ac   Section        0  uidiv.o(.text)
    .text                                    0x080003d8   Section        0  uldiv.o(.text)
    .text                                    0x0800043a   Section        0  strtol.o(.text)
    .text                                    0x080004aa   Section        0  fepilogue.o(.text)
    .text                                    0x080004aa   Section        0  iusefp.o(.text)
    .text                                    0x08000518   Section        0  dadd.o(.text)
    .text                                    0x08000666   Section        0  dmul.o(.text)
    .text                                    0x0800074a   Section        0  ddiv.o(.text)
    .text                                    0x08000828   Section        0  dfixul.o(.text)
    .text                                    0x08000858   Section       48  cdrcmple.o(.text)
    .text                                    0x08000888   Section       36  init.o(.text)
    .text                                    0x080008ac   Section        0  llshl.o(.text)
    .text                                    0x080008ca   Section        0  llushr.o(.text)
    .text                                    0x080008ea   Section        0  llsshr.o(.text)
    .text                                    0x08000910   Section        0  ctype_o.o(.text)
    .text                                    0x08000918   Section        0  _strtoul.o(.text)
    .text                                    0x080009b6   Section        0  depilogue.o(.text)
    .text                                    0x08000a70   Section        0  _chval.o(.text)
    i.BuzzerInit                             0x08000a8c   Section        0  buzzer.o(i.BuzzerInit)
    i.BuzzerOff                              0x08000ac0   Section        0  buzzer.o(i.BuzzerOff)
    i.BuzzerOn                               0x08000ad0   Section        0  buzzer.o(i.BuzzerOn)
    i.DHTInit                                0x08000ae0   Section        0  dht11.o(i.DHTInit)
    i.DHT_GetHumidity                        0x08000b10   Section        0  dht11.o(i.DHT_GetHumidity)
    i.DHT_GetTemperature                     0x08000b3c   Section        0  dht11.o(i.DHT_GetTemperature)
    i.DHT_ReadData                           0x08000b68   Section        0  dht11.o(i.DHT_ReadData)
    i.DHT_delayMs                            0x08000be4   Section        0  dht11.o(i.DHT_delayMs)
    DHT_delayMs                              0x08000be5   Thumb Code    24  dht11.o(i.DHT_delayMs)
    i.DHT_delayUs                            0x08000bfc   Section        0  dht11.o(i.DHT_delayUs)
    DHT_delayUs                              0x08000bfd   Thumb Code    32  dht11.o(i.DHT_delayUs)
    i.DMA_Cmd                                0x08000c24   Section        0  stm32f10x_dma.o(i.DMA_Cmd)
    i.DMA_GetCurrDataCounter                 0x08000c3c   Section        0  stm32f10x_dma.o(i.DMA_GetCurrDataCounter)
    i.DMA_Init                               0x08000c44   Section        0  stm32f10x_dma.o(i.DMA_Init)
    i.DMA_SetCurrDataCounter                 0x08000c80   Section        0  stm32f10x_dma.o(i.DMA_SetCurrDataCounter)
    i.ESP8266_Init_Sequence                  0x08000c84   Section        0  main.o(i.ESP8266_Init_Sequence)
    i.ESP_Send_Check                         0x08000fa4   Section        0  main.o(i.ESP_Send_Check)
    i.GPIO_Init                              0x08000fe4   Section        0  stm32f10x_gpio.o(i.GPIO_Init)
    i.GPIO_PinRemapConfig                    0x080010fc   Section        0  stm32f10x_gpio.o(i.GPIO_PinRemapConfig)
    i.GPIO_ReadInputDataBit                  0x0800118c   Section        0  stm32f10x_gpio.o(i.GPIO_ReadInputDataBit)
    i.GPIO_ResetBits                         0x0800119e   Section        0  stm32f10x_gpio.o(i.GPIO_ResetBits)
    i.GPIO_SetBits                           0x080011a2   Section        0  stm32f10x_gpio.o(i.GPIO_SetBits)
    i.InfraredInit                           0x080011a8   Section        0  infrared.o(i.InfraredInit)
    i.InfraredRead                           0x080011cc   Section        0  infrared.o(i.InfraredRead)
    i.NVIC_Init                              0x080011e4   Section        0  misc.o(i.NVIC_Init)
    i.NVIC_PriorityGroupConfig               0x08001254   Section        0  misc.o(i.NVIC_PriorityGroupConfig)
    i.RCC_AHBPeriphClockCmd                  0x08001268   Section        0  stm32f10x_rcc.o(i.RCC_AHBPeriphClockCmd)
    i.RCC_APB1PeriphClockCmd                 0x08001288   Section        0  stm32f10x_rcc.o(i.RCC_APB1PeriphClockCmd)
    i.RCC_APB2PeriphClockCmd                 0x080012a8   Section        0  stm32f10x_rcc.o(i.RCC_APB2PeriphClockCmd)
    i.RCC_GetClocksFreq                      0x080012c8   Section        0  stm32f10x_rcc.o(i.RCC_GetClocksFreq)
    i.SendRequest                            0x0800139c   Section        0  dht11.o(i.SendRequest)
    SendRequest                              0x0800139d   Thumb Code    36  dht11.o(i.SendRequest)
    i.Send_Byte                              0x080013c4   Section        0  usart.o(i.Send_Byte)
    i.Send_String                            0x080013e4   Section        0  usart.o(i.Send_String)
    i.SetIptDHT                              0x080013fc   Section        0  dht11.o(i.SetIptDHT)
    SetIptDHT                                0x080013fd   Thumb Code    16  dht11.o(i.SetIptDHT)
    i.SetSysClock                            0x08001414   Section        0  system_stm32f10x.o(i.SetSysClock)
    SetSysClock                              0x08001415   Thumb Code     8  system_stm32f10x.o(i.SetSysClock)
    i.SetSysClockTo72                        0x0800141c   Section        0  system_stm32f10x.o(i.SetSysClockTo72)
    SetSysClockTo72                          0x0800141d   Thumb Code   214  system_stm32f10x.o(i.SetSysClockTo72)
    i.SetoutDHT                              0x080014fc   Section        0  dht11.o(i.SetoutDHT)
    SetoutDHT                                0x080014fd   Thumb Code    16  dht11.o(i.SetoutDHT)
    i.SysTick_Handler                        0x08001514   Section        0  port.o(i.SysTick_Handler)
    i.SystemInit                             0x08001548   Section        0  system_stm32f10x.o(i.SystemInit)
    i.TIM_Cmd                                0x080015a8   Section        0  stm32f10x_tim.o(i.TIM_Cmd)
    i.TIM_CtrlPWMOutputs                     0x080015c0   Section        0  stm32f10x_tim.o(i.TIM_CtrlPWMOutputs)
    i.TIM_OC1Init                            0x080015e0   Section        0  stm32f10x_tim.o(i.TIM_OC1Init)
    i.TIM_OCStructInit                       0x08001678   Section        0  stm32f10x_tim.o(i.TIM_OCStructInit)
    i.TIM_SetCompare1                        0x0800168c   Section        0  stm32f10x_tim.o(i.TIM_SetCompare1)
    i.TIM_TimeBaseInit                       0x08001690   Section        0  stm32f10x_tim.o(i.TIM_TimeBaseInit)
    i.USART1_IRQHandler                      0x08001734   Section        0  main.o(i.USART1_IRQHandler)
    i.USARTInit                              0x0800187c   Section        0  usart.o(i.USARTInit)
    i.USART_Cmd                              0x0800193c   Section        0  stm32f10x_usart.o(i.USART_Cmd)
    i.USART_DMACmd                           0x08001954   Section        0  stm32f10x_usart.o(i.USART_DMACmd)
    i.USART_DMAConfig                        0x08001968   Section        0  usart.o(i.USART_DMAConfig)
    i.USART_GetFlagStatus                    0x080019bc   Section        0  stm32f10x_usart.o(i.USART_GetFlagStatus)
    i.USART_GetITStatus                      0x080019d6   Section        0  stm32f10x_usart.o(i.USART_GetITStatus)
    i.USART_ITConfig                         0x08001a2a   Section        0  stm32f10x_usart.o(i.USART_ITConfig)
    i.USART_Init                             0x08001a74   Section        0  stm32f10x_usart.o(i.USART_Init)
    i.USART_ReceiveData                      0x08001b4c   Section        0  stm32f10x_usart.o(i.USART_ReceiveData)
    i.USART_SendData                         0x08001b56   Section        0  stm32f10x_usart.o(i.USART_SendData)
    i.__0snprintf                            0x08001b60   Section        0  printfa.o(i.__0snprintf)
    i.__aeabi_errno_addr                     0x08001b90   Section        0  errno.o(i.__aeabi_errno_addr)
    i.__scatterload_copy                     0x08001b98   Section       14  handlers.o(i.__scatterload_copy)
    i.__scatterload_null                     0x08001ba6   Section        2  handlers.o(i.__scatterload_null)
    i.__scatterload_zeroinit                 0x08001ba8   Section       14  handlers.o(i.__scatterload_zeroinit)
    i._fp_digits                             0x08001bb8   Section        0  printfa.o(i._fp_digits)
    _fp_digits                               0x08001bb9   Thumb Code   366  printfa.o(i._fp_digits)
    i._printf_core                           0x08001d3c   Section        0  printfa.o(i._printf_core)
    _printf_core                             0x08001d3d   Thumb Code  1744  printfa.o(i._printf_core)
    i._printf_post_padding                   0x08002418   Section        0  printfa.o(i._printf_post_padding)
    _printf_post_padding                     0x08002419   Thumb Code    36  printfa.o(i._printf_post_padding)
    i._printf_pre_padding                    0x0800243c   Section        0  printfa.o(i._printf_pre_padding)
    _printf_pre_padding                      0x0800243d   Thumb Code    46  printfa.o(i._printf_pre_padding)
    i._snputc                                0x0800246a   Section        0  printfa.o(i._snputc)
    _snputc                                  0x0800246b   Thumb Code    22  printfa.o(i._snputc)
    i.back                                   0x08002480   Section        0  motor.o(i.back)
    i.createTasks                            0x0800249c   Section        0  main.o(i.createTasks)
    i.delayMs                                0x08002554   Section        0  delay.o(i.delayMs)
    i.delayUs                                0x08002572   Section        0  delay.o(i.delayUs)
    i.deviceCtrlTask                         0x080025a4   Section        0  main.o(i.deviceCtrlTask)
    i.dhtTask                                0x08002634   Section        0  main.o(i.dhtTask)
    i.forward                                0x08002668   Section        0  motor.o(i.forward)
    i.getByte                                0x08002684   Section        0  dht11.o(i.getByte)
    getByte                                  0x08002685   Thumb Code   120  dht11.o(i.getByte)
    i.getRespone                             0x08002704   Section        0  dht11.o(i.getRespone)
    getRespone                               0x08002705   Thumb Code    82  dht11.o(i.getRespone)
    i.jsonExtractValue                       0x08002760   Section        0  main.o(i.jsonExtractValue)
    i.jsonParseTask                          0x080027ec   Section        0  main.o(i.jsonParseTask)
    i.jsonTask                               0x0800282c   Section        0  main.o(i.jsonTask)
    i.ledInit                                0x08002928   Section        0  led.o(i.ledInit)
    i.main                                   0x080029c0   Section        0  main.o(i.main)
    i.motorInit                              0x08002a64   Section        0  motor.o(i.motorInit)
    i.parseRecvJson                          0x08002a94   Section        0  main.o(i.parseRecvJson)
    i.prvAddCurrentTaskToDelayedList         0x08002b5c   Section        0  tasks.o(i.prvAddCurrentTaskToDelayedList)
    prvAddCurrentTaskToDelayedList           0x08002b5d   Thumb Code   164  tasks.o(i.prvAddCurrentTaskToDelayedList)
    i.prvAddNewTaskToReadyList               0x08002c1c   Section        0  tasks.o(i.prvAddNewTaskToReadyList)
    prvAddNewTaskToReadyList                 0x08002c1d   Thumb Code   200  tasks.o(i.prvAddNewTaskToReadyList)
    i.prvCheckTasksWaitingTermination        0x08002d00   Section        0  tasks.o(i.prvCheckTasksWaitingTermination)
    prvCheckTasksWaitingTermination          0x08002d01   Thumb Code    60  tasks.o(i.prvCheckTasksWaitingTermination)
    i.prvCopyDataFromQueue                   0x08002d48   Section        0  queue.o(i.prvCopyDataFromQueue)
    prvCopyDataFromQueue                     0x08002d49   Thumb Code    42  queue.o(i.prvCopyDataFromQueue)
    i.prvCopyDataToQueue                     0x08002d72   Section        0  queue.o(i.prvCopyDataToQueue)
    prvCopyDataToQueue                       0x08002d73   Thumb Code   106  queue.o(i.prvCopyDataToQueue)
    i.prvDeleteTCB                           0x08002ddc   Section        0  tasks.o(i.prvDeleteTCB)
    prvDeleteTCB                             0x08002ddd   Thumb Code    18  tasks.o(i.prvDeleteTCB)
    i.prvHeapInit                            0x08002df0   Section        0  heap_4.o(i.prvHeapInit)
    prvHeapInit                              0x08002df1   Thumb Code    90  heap_4.o(i.prvHeapInit)
    i.prvIdleTask                            0x08002e60   Section        0  tasks.o(i.prvIdleTask)
    prvIdleTask                              0x08002e61   Thumb Code    32  tasks.o(i.prvIdleTask)
    i.prvInitialiseNewQueue                  0x08002e88   Section        0  queue.o(i.prvInitialiseNewQueue)
    prvInitialiseNewQueue                    0x08002e89   Thumb Code    38  queue.o(i.prvInitialiseNewQueue)
    i.prvInitialiseNewTask                   0x08002eae   Section        0  tasks.o(i.prvInitialiseNewTask)
    prvInitialiseNewTask                     0x08002eaf   Thumb Code   122  tasks.o(i.prvInitialiseNewTask)
    i.prvInitialiseTaskLists                 0x08002f28   Section        0  tasks.o(i.prvInitialiseTaskLists)
    prvInitialiseTaskLists                   0x08002f29   Thumb Code    70  tasks.o(i.prvInitialiseTaskLists)
    i.prvInsertBlockIntoFreeList             0x08002f90   Section        0  heap_4.o(i.prvInsertBlockIntoFreeList)
    prvInsertBlockIntoFreeList               0x08002f91   Thumb Code    96  heap_4.o(i.prvInsertBlockIntoFreeList)
    i.prvIsQueueEmpty                        0x08002ff8   Section        0  queue.o(i.prvIsQueueEmpty)
    prvIsQueueEmpty                          0x08002ff9   Thumb Code    26  queue.o(i.prvIsQueueEmpty)
    i.prvResetNextTaskUnblockTime            0x08003014   Section        0  tasks.o(i.prvResetNextTaskUnblockTime)
    prvResetNextTaskUnblockTime              0x08003015   Thumb Code    40  tasks.o(i.prvResetNextTaskUnblockTime)
    i.prvTaskExitError                       0x08003044   Section        0  port.o(i.prvTaskExitError)
    prvTaskExitError                         0x08003045   Thumb Code    22  port.o(i.prvTaskExitError)
    i.prvUnlockQueue                         0x0800305a   Section        0  queue.o(i.prvUnlockQueue)
    prvUnlockQueue                           0x0800305b   Thumb Code   126  queue.o(i.prvUnlockQueue)
    i.pvPortMalloc                           0x080030d8   Section        0  heap_4.o(i.pvPortMalloc)
    i.pwmInit                                0x080031bc   Section        0  motor.o(i.pwmInit)
    i.pxPortInitialiseStack                  0x0800324c   Section        0  port.o(i.pxPortInitialiseStack)
    i.servoInit                              0x08003270   Section        0  servo.o(i.servoInit)
    i.setAngle                               0x08003320   Section        0  servo.o(i.setAngle)
    i.setBrightness                          0x08003338   Section        0  led.o(i.setBrightness)
    i.setSpeed                               0x08003350   Section        0  motor.o(i.setSpeed)
    i.stop                                   0x08003368   Section        0  motor.o(i.stop)
    i.uxListRemove                           0x08003384   Section        0  list.o(i.uxListRemove)
    i.uxTaskGetNumberOfTasks                 0x080033ac   Section        0  tasks.o(i.uxTaskGetNumberOfTasks)
    i.vListInitialise                        0x080033b8   Section        0  list.o(i.vListInitialise)
    i.vListInitialiseItem                    0x080033d2   Section        0  list.o(i.vListInitialiseItem)
    i.vListInsert                            0x080033d8   Section        0  list.o(i.vListInsert)
    i.vListInsertEnd                         0x0800340c   Section        0  list.o(i.vListInsertEnd)
    i.vPortEnterCritical                     0x08003424   Section        0  port.o(i.vPortEnterCritical)
    i.vPortExitCritical                      0x08003448   Section        0  port.o(i.vPortExitCritical)
    i.vPortFree                              0x08003468   Section        0  heap_4.o(i.vPortFree)
    i.vPortSetupTimerInterrupt               0x080034b4   Section        0  port.o(i.vPortSetupTimerInterrupt)
    i.vTaskDelay                             0x080034cc   Section        0  tasks.o(i.vTaskDelay)
    i.vTaskDelete                            0x08003500   Section        0  tasks.o(i.vTaskDelete)
    i.vTaskInternalSetTimeOutState           0x080035d4   Section        0  tasks.o(i.vTaskInternalSetTimeOutState)
    i.vTaskMissedYield                       0x080035ec   Section        0  tasks.o(i.vTaskMissedYield)
    i.vTaskPlaceOnEventList                  0x080035f8   Section        0  tasks.o(i.vTaskPlaceOnEventList)
    i.vTaskStartScheduler                    0x08003618   Section        0  tasks.o(i.vTaskStartScheduler)
    i.vTaskSuspendAll                        0x08003684   Section        0  tasks.o(i.vTaskSuspendAll)
    i.vTaskSwitchContext                     0x08003694   Section        0  tasks.o(i.vTaskSwitchContext)
    i.xPortStartScheduler                    0x080036f4   Section        0  port.o(i.xPortStartScheduler)
    i.xQueueGenericCreate                    0x08003728   Section        0  queue.o(i.xQueueGenericCreate)
    i.xQueueGenericReset                     0x08003774   Section        0  queue.o(i.xQueueGenericReset)
    i.xQueueGenericSendFromISR               0x08003814   Section        0  queue.o(i.xQueueGenericSendFromISR)
    i.xQueueReceive                          0x080038ac   Section        0  queue.o(i.xQueueReceive)
    i.xTaskCheckForTimeOut                   0x080039b0   Section        0  tasks.o(i.xTaskCheckForTimeOut)
    i.xTaskCreate                            0x08003a10   Section        0  tasks.o(i.xTaskCreate)
    i.xTaskIncrementTick                     0x08003a78   Section        0  tasks.o(i.xTaskIncrementTick)
    i.xTaskRemoveFromEventList               0x08003c08   Section        0  tasks.o(i.xTaskRemoveFromEventList)
    i.xTaskResumeAll                         0x08003d10   Section        0  tasks.o(i.xTaskResumeAll)
    .constdata                               0x08003e6c   Section      129  ctype_o.o(.constdata)
    .constdata                               0x08003ef0   Section        4  ctype_o.o(.constdata)
    table                                    0x08003ef0   Data           4  ctype_o.o(.constdata)
    .conststring                             0x08003ef4   Section      109  main.o(.conststring)
    .data                                    0x20000000   Section       57  main.o(.data)
    recvLen                                  0x20000034   Data           1  main.o(.data)
    jsonCacheIdx                             0x20000036   Data           2  main.o(.data)
    isJsonStarted                            0x20000038   Data           1  main.o(.data)
    .data                                    0x2000003c   Section        8  usart.o(.data)
    .data                                    0x20000044   Section        4  dht11.o(.data)
    .data                                    0x20000048   Section       64  tasks.o(.data)
    pxDelayedTaskList                        0x2000004c   Data           4  tasks.o(.data)
    pxOverflowDelayedTaskList                0x20000050   Data           4  tasks.o(.data)
    uxDeletedTasksWaitingCleanUp             0x20000054   Data           4  tasks.o(.data)
    uxCurrentNumberOfTasks                   0x20000058   Data           4  tasks.o(.data)
    xTickCount                               0x2000005c   Data           4  tasks.o(.data)
    uxTopReadyPriority                       0x20000060   Data           4  tasks.o(.data)
    xSchedulerRunning                        0x20000064   Data           4  tasks.o(.data)
    xPendedTicks                             0x20000068   Data           4  tasks.o(.data)
    xYieldPending                            0x2000006c   Data           4  tasks.o(.data)
    xNumOfOverflows                          0x20000070   Data           4  tasks.o(.data)
    uxTaskNumber                             0x20000074   Data           4  tasks.o(.data)
    xNextTaskUnblockTime                     0x20000078   Data           4  tasks.o(.data)
    xIdleTaskHandle                          0x2000007c   Data           4  tasks.o(.data)
    uxSchedulerSuspended                     0x20000084   Data           4  tasks.o(.data)
    .data                                    0x20000088   Section       28  heap_4.o(.data)
    xStart                                   0x20000088   Data           8  heap_4.o(.data)
    pxEnd                                    0x20000090   Data           4  heap_4.o(.data)
    xFreeBytesRemaining                      0x20000094   Data           4  heap_4.o(.data)
    xMinimumEverFreeBytesRemaining           0x20000098   Data           4  heap_4.o(.data)
    xNumberOfSuccessfulAllocations           0x2000009c   Data           4  heap_4.o(.data)
    xNumberOfSuccessfulFrees                 0x200000a0   Data           4  heap_4.o(.data)
    .data                                    0x200000a4   Section        4  port.o(.data)
    uxCriticalNesting                        0x200000a4   Data           4  port.o(.data)
    .data                                    0x200000a8   Section       20  stm32f10x_rcc.o(.data)
    APBAHBPrescTable                         0x200000a8   Data          16  stm32f10x_rcc.o(.data)
    ADCPrescTable                            0x200000b8   Data           4  stm32f10x_rcc.o(.data)
    .data                                    0x200000bc   Section       20  system_stm32f10x.o(.data)
    .data                                    0x200000d0   Section        4  errno.o(.data)
    _errno                                   0x200000d0   Data           4  errno.o(.data)
    .bss                                     0x200000d4   Section      456  main.o(.bss)
    jsonCache                                0x200001d4   Data         200  main.o(.bss)
    .bss                                     0x2000029c   Section      200  usart.o(.bss)
    .bss                                     0x20000364   Section      200  tasks.o(.bss)
    pxReadyTasksLists                        0x20000364   Data         100  tasks.o(.bss)
    xDelayedTaskList1                        0x200003c8   Data          20  tasks.o(.bss)
    xDelayedTaskList2                        0x200003dc   Data          20  tasks.o(.bss)
    xPendingReadyList                        0x200003f0   Data          20  tasks.o(.bss)
    xTasksWaitingTermination                 0x20000404   Data          20  tasks.o(.bss)
    xSuspendedTaskList                       0x20000418   Data          20  tasks.o(.bss)
    .bss                                     0x2000042c   Section    17408  heap_4.o(.bss)
    ucHeap                                   0x2000042c   Data       17408  heap_4.o(.bss)
    STACK                                    0x20004830   Section     1024  startup_stm32f10x_md.o(STACK)

    Global Symbols

    Symbol Name                              Value     Ov Type        Size  Object(Section)

    BuildAttributes$$THM_ISAv4$P$D$K$B$S$PE$A:L22UL41UL21$X:L11$S22US41US21$IEEE1$IW$USESV6$~STKCKD$USESV7$~SHL$OTIME$ROPI$EBA8$MICROLIB$REQ8$PRES8$EABIv2 0x00000000   Number         0  anon$$obj.o ABSOLUTE
    __ARM_use_no_argv                        0x00000000   Number         0  main.o ABSOLUTE
    _printf_a                                0x00000000   Number         0  stubs.o ABSOLUTE
    _printf_c                                0x00000000   Number         0  stubs.o ABSOLUTE
    _printf_charcount                        0x00000000   Number         0  stubs.o ABSOLUTE
    _printf_d                                0x00000000   Number         0  stubs.o ABSOLUTE
    _printf_e                                0x00000000   Number         0  stubs.o ABSOLUTE
    _printf_f                                0x00000000   Number         0  stubs.o ABSOLUTE
    _printf_flags                            0x00000000   Number         0  stubs.o ABSOLUTE
    _printf_fp_dec                           0x00000000   Number         0  stubs.o ABSOLUTE
    _printf_fp_hex                           0x00000000   Number         0  stubs.o ABSOLUTE
    _printf_g                                0x00000000   Number         0  stubs.o ABSOLUTE
    _printf_i                                0x00000000   Number         0  stubs.o ABSOLUTE
    _printf_int_dec                          0x00000000   Number         0  stubs.o ABSOLUTE
    _printf_l                                0x00000000   Number         0  stubs.o ABSOLUTE
    _printf_lc                               0x00000000   Number         0  stubs.o ABSOLUTE
    _printf_ll                               0x00000000   Number         0  stubs.o ABSOLUTE
    _printf_lld                              0x00000000   Number         0  stubs.o ABSOLUTE
    _printf_lli                              0x00000000   Number         0  stubs.o ABSOLUTE
    _printf_llo                              0x00000000   Number         0  stubs.o ABSOLUTE
    _printf_llu                              0x00000000   Number         0  stubs.o ABSOLUTE
    _printf_llx                              0x00000000   Number         0  stubs.o ABSOLUTE
    _printf_longlong_dec                     0x00000000   Number         0  stubs.o ABSOLUTE
    _printf_longlong_hex                     0x00000000   Number         0  stubs.o ABSOLUTE
    _printf_longlong_oct                     0x00000000   Number         0  stubs.o ABSOLUTE
    _printf_ls                               0x00000000   Number         0  stubs.o ABSOLUTE
    _printf_mbtowc                           0x00000000   Number         0  stubs.o ABSOLUTE
    _printf_n                                0x00000000   Number         0  stubs.o ABSOLUTE
    _printf_o                                0x00000000   Number         0  stubs.o ABSOLUTE
    _printf_p                                0x00000000   Number         0  stubs.o ABSOLUTE
    _printf_percent                          0x00000000   Number         0  stubs.o ABSOLUTE
    _printf_pre_padding                      0x00000000   Number         0  stubs.o ABSOLUTE
    _printf_return_value                     0x00000000   Number         0  stubs.o ABSOLUTE
    _printf_s                                0x00000000   Number         0  stubs.o ABSOLUTE
    _printf_sizespec                         0x00000000   Number         0  stubs.o ABSOLUTE
    _printf_str                              0x00000000   Number         0  stubs.o ABSOLUTE
    _printf_truncate_signed                  0x00000000   Number         0  stubs.o ABSOLUTE
    _printf_truncate_unsigned                0x00000000   Number         0  stubs.o ABSOLUTE
    _printf_u                                0x00000000   Number         0  stubs.o ABSOLUTE
    _printf_wc                               0x00000000   Number         0  stubs.o ABSOLUTE
    _printf_wctomb                           0x00000000   Number         0  stubs.o ABSOLUTE
    _printf_widthprec                        0x00000000   Number         0  stubs.o ABSOLUTE
    _printf_x                                0x00000000   Number         0  stubs.o ABSOLUTE
    __cpp_initialize__aeabi_                  - Undefined Weak Reference
    __cxa_finalize                            - Undefined Weak Reference
    __decompress                              - Undefined Weak Reference
    _clock_init                               - Undefined Weak Reference
    _microlib_exit                            - Undefined Weak Reference
    __Vectors_Size                           0x000000ec   Number         0  startup_stm32f10x_md.o ABSOLUTE
    __Vectors                                0x08000000   Data           4  startup_stm32f10x_md.o(RESET)
    __Vectors_End                            0x080000ec   Data           0  startup_stm32f10x_md.o(RESET)
    __main                                   0x080000ed   Thumb Code     0  entry.o(.ARM.Collect$$$$00000000)
    _main_stk                                0x080000ed   Thumb Code     0  entry2.o(.ARM.Collect$$$$00000001)
    _main_scatterload                        0x080000f1   Thumb Code     0  entry5.o(.ARM.Collect$$$$00000004)
    __main_after_scatterload                 0x080000f5   Thumb Code     0  entry5.o(.ARM.Collect$$$$00000004)
    _main_clock                              0x080000f5   Thumb Code     0  entry7b.o(.ARM.Collect$$$$00000008)
    _main_cpp_init                           0x080000f5   Thumb Code     0  entry8b.o(.ARM.Collect$$$$0000000A)
    _main_init                               0x080000f5   Thumb Code     0  entry9a.o(.ARM.Collect$$$$0000000B)
    __rt_final_cpp                           0x080000fd   Thumb Code     0  entry10a.o(.ARM.Collect$$$$0000000D)
    __rt_final_exit                          0x080000fd   Thumb Code     0  entry11a.o(.ARM.Collect$$$$0000000F)
    SVC_Handler                              0x08000101   Thumb Code    32  port.o(.emb_text)
    __asm___6_port_c_39a90d8d__prvStartFirstTask 0x08000125   Thumb Code    28  port.o(.emb_text)
    PendSV_Handler                           0x08000145   Thumb Code    72  port.o(.emb_text)
    vPortGetIPSR                             0x08000191   Thumb Code     6  port.o(.emb_text)
    Reset_Handler                            0x08000199   Thumb Code     8  startup_stm32f10x_md.o(.text)
    NMI_Handler                              0x080001a1   Thumb Code     2  startup_stm32f10x_md.o(.text)
    HardFault_Handler                        0x080001a3   Thumb Code     2  startup_stm32f10x_md.o(.text)
    MemManage_Handler                        0x080001a5   Thumb Code     2  startup_stm32f10x_md.o(.text)
    BusFault_Handler                         0x080001a7   Thumb Code     2  startup_stm32f10x_md.o(.text)
    UsageFault_Handler                       0x080001a9   Thumb Code     2  startup_stm32f10x_md.o(.text)
    DebugMon_Handler                         0x080001ad   Thumb Code     2  startup_stm32f10x_md.o(.text)
    ADC1_2_IRQHandler                        0x080001b3   Thumb Code     0  startup_stm32f10x_md.o(.text)
    CAN1_RX1_IRQHandler                      0x080001b3   Thumb Code     0  startup_stm32f10x_md.o(.text)
    CAN1_SCE_IRQHandler                      0x080001b3   Thumb Code     0  startup_stm32f10x_md.o(.text)
    DMA1_Channel1_IRQHandler                 0x080001b3   Thumb Code     0  startup_stm32f10x_md.o(.text)
    DMA1_Channel2_IRQHandler                 0x080001b3   Thumb Code     0  startup_stm32f10x_md.o(.text)
    DMA1_Channel3_IRQHandler                 0x080001b3   Thumb Code     0  startup_stm32f10x_md.o(.text)
    DMA1_Channel4_IRQHandler                 0x080001b3   Thumb Code     0  startup_stm32f10x_md.o(.text)
    DMA1_Channel5_IRQHandler                 0x080001b3   Thumb Code     0  startup_stm32f10x_md.o(.text)
    DMA1_Channel6_IRQHandler                 0x080001b3   Thumb Code     0  startup_stm32f10x_md.o(.text)
    DMA1_Channel7_IRQHandler                 0x080001b3   Thumb Code     0  startup_stm32f10x_md.o(.text)
    EXTI0_IRQHandler                         0x080001b3   Thumb Code     0  startup_stm32f10x_md.o(.text)
    EXTI15_10_IRQHandler                     0x080001b3   Thumb Code     0  startup_stm32f10x_md.o(.text)
    EXTI1_IRQHandler                         0x080001b3   Thumb Code     0  startup_stm32f10x_md.o(.text)
    EXTI2_IRQHandler                         0x080001b3   Thumb Code     0  startup_stm32f10x_md.o(.text)
    EXTI3_IRQHandler                         0x080001b3   Thumb Code     0  startup_stm32f10x_md.o(.text)
    EXTI4_IRQHandler                         0x080001b3   Thumb Code     0  startup_stm32f10x_md.o(.text)
    EXTI9_5_IRQHandler                       0x080001b3   Thumb Code     0  startup_stm32f10x_md.o(.text)
    FLASH_IRQHandler                         0x080001b3   Thumb Code     0  startup_stm32f10x_md.o(.text)
    I2C1_ER_IRQHandler                       0x080001b3   Thumb Code     0  startup_stm32f10x_md.o(.text)
    I2C1_EV_IRQHandler                       0x080001b3   Thumb Code     0  startup_stm32f10x_md.o(.text)
    I2C2_ER_IRQHandler                       0x080001b3   Thumb Code     0  startup_stm32f10x_md.o(.text)
    I2C2_EV_IRQHandler                       0x080001b3   Thumb Code     0  startup_stm32f10x_md.o(.text)
    PVD_IRQHandler                           0x080001b3   Thumb Code     0  startup_stm32f10x_md.o(.text)
    RCC_IRQHandler                           0x080001b3   Thumb Code     0  startup_stm32f10x_md.o(.text)
    RTCAlarm_IRQHandler                      0x080001b3   Thumb Code     0  startup_stm32f10x_md.o(.text)
    RTC_IRQHandler                           0x080001b3   Thumb Code     0  startup_stm32f10x_md.o(.text)
    SPI1_IRQHandler                          0x080001b3   Thumb Code     0  startup_stm32f10x_md.o(.text)
    SPI2_IRQHandler                          0x080001b3   Thumb Code     0  startup_stm32f10x_md.o(.text)
    TAMPER_IRQHandler                        0x080001b3   Thumb Code     0  startup_stm32f10x_md.o(.text)
    TIM1_BRK_IRQHandler                      0x080001b3   Thumb Code     0  startup_stm32f10x_md.o(.text)
    TIM1_CC_IRQHandler                       0x080001b3   Thumb Code     0  startup_stm32f10x_md.o(.text)
    TIM1_TRG_COM_IRQHandler                  0x080001b3   Thumb Code     0  startup_stm32f10x_md.o(.text)
    TIM1_UP_IRQHandler                       0x080001b3   Thumb Code     0  startup_stm32f10x_md.o(.text)
    TIM2_IRQHandler                          0x080001b3   Thumb Code     0  startup_stm32f10x_md.o(.text)
    TIM3_IRQHandler                          0x080001b3   Thumb Code     0  startup_stm32f10x_md.o(.text)
    TIM4_IRQHandler                          0x080001b3   Thumb Code     0  startup_stm32f10x_md.o(.text)
    USART2_IRQHandler                        0x080001b3   Thumb Code     0  startup_stm32f10x_md.o(.text)
    USART3_IRQHandler                        0x080001b3   Thumb Code     0  startup_stm32f10x_md.o(.text)
    USBWakeUp_IRQHandler                     0x080001b3   Thumb Code     0  startup_stm32f10x_md.o(.text)
    USB_HP_CAN1_TX_IRQHandler                0x080001b3   Thumb Code     0  startup_stm32f10x_md.o(.text)
    USB_LP_CAN1_RX0_IRQHandler               0x080001b3   Thumb Code     0  startup_stm32f10x_md.o(.text)
    WWDG_IRQHandler                          0x080001b3   Thumb Code     0  startup_stm32f10x_md.o(.text)
    __aeabi_memcpy                           0x080001bd   Thumb Code    36  memcpya.o(.text)
    __aeabi_memcpy4                          0x080001bd   Thumb Code     0  memcpya.o(.text)
    __aeabi_memcpy8                          0x080001bd   Thumb Code     0  memcpya.o(.text)
    __aeabi_memset                           0x080001e1   Thumb Code    14  memseta.o(.text)
    __aeabi_memset4                          0x080001e1   Thumb Code     0  memseta.o(.text)
    __aeabi_memset8                          0x080001e1   Thumb Code     0  memseta.o(.text)
    __aeabi_memclr                           0x080001ef   Thumb Code     4  memseta.o(.text)
    __aeabi_memclr4                          0x080001ef   Thumb Code     0  memseta.o(.text)
    __aeabi_memclr8                          0x080001ef   Thumb Code     0  memseta.o(.text)
    _memset$wrapper                          0x080001f3   Thumb Code    18  memseta.o(.text)
    strstr                                   0x08000205   Thumb Code    36  strstr.o(.text)
    strncpy                                  0x08000229   Thumb Code    24  strncpy.o(.text)
    strlen                                   0x08000241   Thumb Code    14  strlen.o(.text)
    atoi                                     0x0800024f   Thumb Code    26  atoi.o(.text)
    __aeabi_fadd                             0x08000269   Thumb Code   164  fadd.o(.text)
    __aeabi_fsub                             0x0800030d   Thumb Code     6  fadd.o(.text)
    __aeabi_frsub                            0x08000313   Thumb Code     6  fadd.o(.text)
    __aeabi_fmul                             0x08000319   Thumb Code   100  fmul.o(.text)
    __aeabi_ui2f                             0x0800037d   Thumb Code    10  ffltui.o(.text)
    __aeabi_f2d                              0x08000387   Thumb Code    38  f2d.o(.text)
    __aeabi_uidiv                            0x080003ad   Thumb Code     0  uidiv.o(.text)
    __aeabi_uidivmod                         0x080003ad   Thumb Code    44  uidiv.o(.text)
    __aeabi_uldivmod                         0x080003d9   Thumb Code    98  uldiv.o(.text)
    strtol                                   0x0800043b   Thumb Code   112  strtol.o(.text)
    __I$use$fp                               0x080004ab   Thumb Code     0  iusefp.o(.text)
    _float_round                             0x080004ab   Thumb Code    18  fepilogue.o(.text)
    _float_epilogue                          0x080004bd   Thumb Code    92  fepilogue.o(.text)
    __aeabi_dadd                             0x08000519   Thumb Code   322  dadd.o(.text)
    __aeabi_dsub                             0x0800065b   Thumb Code     6  dadd.o(.text)
    __aeabi_drsub                            0x08000661   Thumb Code     6  dadd.o(.text)
    __aeabi_dmul                             0x08000667   Thumb Code   228  dmul.o(.text)
    __aeabi_ddiv                             0x0800074b   Thumb Code   222  ddiv.o(.text)
    __aeabi_d2ulz                            0x08000829   Thumb Code    48  dfixul.o(.text)
    __aeabi_cdrcmple                         0x08000859   Thumb Code    48  cdrcmple.o(.text)
    __scatterload                            0x08000889   Thumb Code    28  init.o(.text)
    __scatterload_rt2                        0x08000889   Thumb Code     0  init.o(.text)
    __aeabi_llsl                             0x080008ad   Thumb Code    30  llshl.o(.text)
    _ll_shift_l                              0x080008ad   Thumb Code     0  llshl.o(.text)
    __aeabi_llsr                             0x080008cb   Thumb Code    32  llushr.o(.text)
    _ll_ushift_r                             0x080008cb   Thumb Code     0  llushr.o(.text)
    __aeabi_lasr                             0x080008eb   Thumb Code    36  llsshr.o(.text)
    _ll_sshift_r                             0x080008eb   Thumb Code     0  llsshr.o(.text)
    __rt_ctype_table                         0x08000911   Thumb Code     4  ctype_o.o(.text)
    _strtoul                                 0x08000919   Thumb Code   158  _strtoul.o(.text)
    _double_round                            0x080009b7   Thumb Code    30  depilogue.o(.text)
    _double_epilogue                         0x080009d5   Thumb Code   156  depilogue.o(.text)
    _chval                                   0x08000a71   Thumb Code    28  _chval.o(.text)
    BuzzerInit                               0x08000a8d   Thumb Code    46  buzzer.o(i.BuzzerInit)
    BuzzerOff                                0x08000ac1   Thumb Code    12  buzzer.o(i.BuzzerOff)
    BuzzerOn                                 0x08000ad1   Thumb Code    12  buzzer.o(i.BuzzerOn)
    DHTInit                                  0x08000ae1   Thumb Code    40  dht11.o(i.DHTInit)
    DHT_GetHumidity                          0x08000b11   Thumb Code    40  dht11.o(i.DHT_GetHumidity)
    DHT_GetTemperature                       0x08000b3d   Thumb Code    40  dht11.o(i.DHT_GetTemperature)
    DHT_ReadData                             0x08000b69   Thumb Code   120  dht11.o(i.DHT_ReadData)
    DMA_Cmd                                  0x08000c25   Thumb Code    24  stm32f10x_dma.o(i.DMA_Cmd)
    DMA_GetCurrDataCounter                   0x08000c3d   Thumb Code     8  stm32f10x_dma.o(i.DMA_GetCurrDataCounter)
    DMA_Init                                 0x08000c45   Thumb Code    60  stm32f10x_dma.o(i.DMA_Init)
    DMA_SetCurrDataCounter                   0x08000c81   Thumb Code     4  stm32f10x_dma.o(i.DMA_SetCurrDataCounter)
    ESP8266_Init_Sequence                    0x08000c85   Thumb Code   246  main.o(i.ESP8266_Init_Sequence)
    ESP_Send_Check                           0x08000fa5   Thumb Code    60  main.o(i.ESP_Send_Check)
    GPIO_Init                                0x08000fe5   Thumb Code   278  stm32f10x_gpio.o(i.GPIO_Init)
    GPIO_PinRemapConfig                      0x080010fd   Thumb Code   138  stm32f10x_gpio.o(i.GPIO_PinRemapConfig)
    GPIO_ReadInputDataBit                    0x0800118d   Thumb Code    18  stm32f10x_gpio.o(i.GPIO_ReadInputDataBit)
    GPIO_ResetBits                           0x0800119f   Thumb Code     4  stm32f10x_gpio.o(i.GPIO_ResetBits)
    GPIO_SetBits                             0x080011a3   Thumb Code     4  stm32f10x_gpio.o(i.GPIO_SetBits)
    InfraredInit                             0x080011a9   Thumb Code    32  infrared.o(i.InfraredInit)
    InfraredRead                             0x080011cd   Thumb Code    20  infrared.o(i.InfraredRead)
    NVIC_Init                                0x080011e5   Thumb Code   100  misc.o(i.NVIC_Init)
    NVIC_PriorityGroupConfig                 0x08001255   Thumb Code    10  misc.o(i.NVIC_PriorityGroupConfig)
    RCC_AHBPeriphClockCmd                    0x08001269   Thumb Code    26  stm32f10x_rcc.o(i.RCC_AHBPeriphClockCmd)
    RCC_APB1PeriphClockCmd                   0x08001289   Thumb Code    26  stm32f10x_rcc.o(i.RCC_APB1PeriphClockCmd)
    RCC_APB2PeriphClockCmd                   0x080012a9   Thumb Code    26  stm32f10x_rcc.o(i.RCC_APB2PeriphClockCmd)
    RCC_GetClocksFreq                        0x080012c9   Thumb Code   192  stm32f10x_rcc.o(i.RCC_GetClocksFreq)
    Send_Byte                                0x080013c5   Thumb Code    28  usart.o(i.Send_Byte)
    Send_String                              0x080013e5   Thumb Code    22  usart.o(i.Send_String)
    SysTick_Handler                          0x08001515   Thumb Code    46  port.o(i.SysTick_Handler)
    SystemInit                               0x08001549   Thumb Code    78  system_stm32f10x.o(i.SystemInit)
    TIM_Cmd                                  0x080015a9   Thumb Code    24  stm32f10x_tim.o(i.TIM_Cmd)
    TIM_CtrlPWMOutputs                       0x080015c1   Thumb Code    30  stm32f10x_tim.o(i.TIM_CtrlPWMOutputs)
    TIM_OC1Init                              0x080015e1   Thumb Code   132  stm32f10x_tim.o(i.TIM_OC1Init)
    TIM_OCStructInit                         0x08001679   Thumb Code    20  stm32f10x_tim.o(i.TIM_OCStructInit)
    TIM_SetCompare1                          0x0800168d   Thumb Code     4  stm32f10x_tim.o(i.TIM_SetCompare1)
    TIM_TimeBaseInit                         0x08001691   Thumb Code   122  stm32f10x_tim.o(i.TIM_TimeBaseInit)
    USART1_IRQHandler                        0x08001735   Thumb Code   290  main.o(i.USART1_IRQHandler)
    USARTInit                                0x0800187d   Thumb Code   184  usart.o(i.USARTInit)
    USART_Cmd                                0x0800193d   Thumb Code    24  stm32f10x_usart.o(i.USART_Cmd)
    USART_DMACmd                             0x08001955   Thumb Code    18  stm32f10x_usart.o(i.USART_DMACmd)
    USART_DMAConfig                          0x08001969   Thumb Code    72  usart.o(i.USART_DMAConfig)
    USART_GetFlagStatus                      0x080019bd   Thumb Code    26  stm32f10x_usart.o(i.USART_GetFlagStatus)
    USART_GetITStatus                        0x080019d7   Thumb Code    84  stm32f10x_usart.o(i.USART_GetITStatus)
    USART_ITConfig                           0x08001a2b   Thumb Code    74  stm32f10x_usart.o(i.USART_ITConfig)
    USART_Init                               0x08001a75   Thumb Code   210  stm32f10x_usart.o(i.USART_Init)
    USART_ReceiveData                        0x08001b4d   Thumb Code    10  stm32f10x_usart.o(i.USART_ReceiveData)
    USART_SendData                           0x08001b57   Thumb Code     8  stm32f10x_usart.o(i.USART_SendData)
    __0snprintf                              0x08001b61   Thumb Code    44  printfa.o(i.__0snprintf)
    __1snprintf                              0x08001b61   Thumb Code     0  printfa.o(i.__0snprintf)
    __2snprintf                              0x08001b61   Thumb Code     0  printfa.o(i.__0snprintf)
    __c89snprintf                            0x08001b61   Thumb Code     0  printfa.o(i.__0snprintf)
    snprintf                                 0x08001b61   Thumb Code     0  printfa.o(i.__0snprintf)
    __aeabi_errno_addr                       0x08001b91   Thumb Code     4  errno.o(i.__aeabi_errno_addr)
    __rt_errno_addr                          0x08001b91   Thumb Code     0  errno.o(i.__aeabi_errno_addr)
    __scatterload_copy                       0x08001b99   Thumb Code    14  handlers.o(i.__scatterload_copy)
    __scatterload_null                       0x08001ba7   Thumb Code     2  handlers.o(i.__scatterload_null)
    __scatterload_zeroinit                   0x08001ba9   Thumb Code    14  handlers.o(i.__scatterload_zeroinit)
    back                                     0x08002481   Thumb Code    24  motor.o(i.back)
    createTasks                              0x0800249d   Thumb Code   102  main.o(i.createTasks)
    delayMs                                  0x08002555   Thumb Code    30  delay.o(i.delayMs)
    delayUs                                  0x08002573   Thumb Code    48  delay.o(i.delayUs)
    deviceCtrlTask                           0x080025a5   Thumb Code   118  main.o(i.deviceCtrlTask)
    dhtTask                                  0x08002635   Thumb Code    44  main.o(i.dhtTask)
    forward                                  0x08002669   Thumb Code    24  motor.o(i.forward)
    jsonExtractValue                         0x08002761   Thumb Code   132  main.o(i.jsonExtractValue)
    jsonParseTask                            0x080027ed   Thumb Code    60  main.o(i.jsonParseTask)
    jsonTask                                 0x0800282d   Thumb Code   158  main.o(i.jsonTask)
    ledInit                                  0x08002929   Thumb Code   142  led.o(i.ledInit)
    main                                     0x080029c1   Thumb Code   106  main.o(i.main)
    motorInit                                0x08002a65   Thumb Code    42  motor.o(i.motorInit)
    parseRecvJson                            0x08002a95   Thumb Code   130  main.o(i.parseRecvJson)
    pvPortMalloc                             0x080030d9   Thumb Code   208  heap_4.o(i.pvPortMalloc)
    pwmInit                                  0x080031bd   Thumb Code   136  motor.o(i.pwmInit)
    pxPortInitialiseStack                    0x0800324d   Thumb Code    30  port.o(i.pxPortInitialiseStack)
    servoInit                                0x08003271   Thumb Code   162  servo.o(i.servoInit)
    setAngle                                 0x08003321   Thumb Code    22  servo.o(i.setAngle)
    setBrightness                            0x08003339   Thumb Code    18  led.o(i.setBrightness)
    setSpeed                                 0x08003351   Thumb Code    18  motor.o(i.setSpeed)
    stop                                     0x08003369   Thumb Code    24  motor.o(i.stop)
    uxListRemove                             0x08003385   Thumb Code    40  list.o(i.uxListRemove)
    uxTaskGetNumberOfTasks                   0x080033ad   Thumb Code     6  tasks.o(i.uxTaskGetNumberOfTasks)
    vListInitialise                          0x080033b9   Thumb Code    26  list.o(i.vListInitialise)
    vListInitialiseItem                      0x080033d3   Thumb Code     6  list.o(i.vListInitialiseItem)
    vListInsert                              0x080033d9   Thumb Code    52  list.o(i.vListInsert)
    vListInsertEnd                           0x0800340d   Thumb Code    24  list.o(i.vListInsertEnd)
    vPortEnterCritical                       0x08003425   Thumb Code    30  port.o(i.vPortEnterCritical)
    vPortExitCritical                        0x08003449   Thumb Code    28  port.o(i.vPortExitCritical)
    vPortFree                                0x08003469   Thumb Code    68  heap_4.o(i.vPortFree)
    vPortSetupTimerInterrupt                 0x080034b5   Thumb Code    20  port.o(i.vPortSetupTimerInterrupt)
    vTaskDelay                               0x080034cd   Thumb Code    46  tasks.o(i.vTaskDelay)
    vTaskDelete                              0x08003501   Thumb Code   174  tasks.o(i.vTaskDelete)
    vTaskInternalSetTimeOutState             0x080035d5   Thumb Code    14  tasks.o(i.vTaskInternalSetTimeOutState)
    vTaskMissedYield                         0x080035ed   Thumb Code     8  tasks.o(i.vTaskMissedYield)
    vTaskPlaceOnEventList                    0x080035f9   Thumb Code    28  tasks.o(i.vTaskPlaceOnEventList)
    vTaskStartScheduler                      0x08003619   Thumb Code    76  tasks.o(i.vTaskStartScheduler)
    vTaskSuspendAll                          0x08003685   Thumb Code    12  tasks.o(i.vTaskSuspendAll)
    vTaskSwitchContext                       0x08003695   Thumb Code    76  tasks.o(i.vTaskSwitchContext)
    xPortStartScheduler                      0x080036f5   Thumb Code    42  port.o(i.xPortStartScheduler)
    xQueueGenericCreate                      0x08003729   Thumb Code    76  queue.o(i.xQueueGenericCreate)
    xQueueGenericReset                       0x08003775   Thumb Code   156  queue.o(i.xQueueGenericReset)
    xQueueGenericSendFromISR                 0x08003815   Thumb Code   152  queue.o(i.xQueueGenericSendFromISR)
    xQueueReceive                            0x080038ad   Thumb Code   256  queue.o(i.xQueueReceive)
    xTaskCheckForTimeOut                     0x080039b1   Thumb Code    88  tasks.o(i.xTaskCheckForTimeOut)
    xTaskCreate                              0x08003a11   Thumb Code   104  tasks.o(i.xTaskCreate)
    xTaskIncrementTick                       0x08003a79   Thumb Code   356  tasks.o(i.xTaskIncrementTick)
    xTaskRemoveFromEventList                 0x08003c09   Thumb Code   240  tasks.o(i.xTaskRemoveFromEventList)
    xTaskResumeAll                           0x08003d11   Thumb Code   310  tasks.o(i.xTaskResumeAll)
    __ctype_table                            0x08003e6c   Data         129  ctype_o.o(.constdata)
    Region$$Table$$Base                      0x08003f64   Number         0  anon$$obj.o(Region$$Table)
    Region$$Table$$Limit                     0x08003f84   Number         0  anon$$obj.o(Region$$Table)
    is_mqtt_running                          0x20000000   Data           1  main.o(.data)
    dhtTaskHandle                            0x20000004   Data           4  main.o(.data)
    jsonTaskHandle                           0x20000008   Data           4  main.o(.data)
    jsonParseTaskHandle                      0x2000000c   Data           4  main.o(.data)
    deviceCtrlTaskHandle                     0x20000010   Data           4  main.o(.data)
    temp                                     0x20000014   Data           4  main.o(.data)
    hum                                      0x20000018   Data           4  main.o(.data)
    infrared                                 0x2000001c   Data           4  main.o(.data)
    led_brightness                           0x20000020   Data           4  main.o(.data)
    motor_dir                                0x20000024   Data           4  main.o(.data)
    motor_speed                              0x20000028   Data           4  main.o(.data)
    buzzer                                   0x2000002c   Data           4  main.o(.data)
    servo_angle                              0x20000030   Data           4  main.o(.data)
    flag                                     0x2000003c   Data           1  usart.o(.data)
    uartRecvQueue                            0x20000040   Data           4  usart.o(.data)
    GPIOStruct                               0x20000044   Data           4  dht11.o(.data)
    pxCurrentTCB                             0x20000048   Data           4  tasks.o(.data)
    uxTopUsedPriority                        0x20000080   Data           4  tasks.o(.data)
    SystemCoreClock                          0x200000bc   Data           4  system_stm32f10x.o(.data)
    AHBPrescTable                            0x200000c0   Data          16  system_stm32f10x.o(.data)
    jsonBuffer                               0x200000d4   Data         256  main.o(.bss)
    message                                  0x2000029c   Data         200  usart.o(.bss)
    __initial_sp                             0x20004c30   Data           0  startup_stm32f10x_md.o(STACK)



==============================================================================

Memory Map of the image

  Image Entry point : 0x080000ed

  Load Region LR_IROM1 (Base: 0x08000000, Size: 0x00004058, Max: 0x00010000, ABSOLUTE)

    Execution Region ER_IROM1 (Exec base: 0x08000000, Load base: 0x08000000, Size: 0x00003f84, Max: 0x00010000, ABSOLUTE)

    Exec Addr    Load Addr    Size         Type   Attr      Idx    E Section Name        Object

    0x08000000   0x08000000   0x000000ec   Data   RO         4910    RESET               startup_stm32f10x_md.o
    0x080000ec   0x080000ec   0x00000000   Code   RO         4961  * .ARM.Collect$$$$00000000  mc_w.l(entry.o)
    0x080000ec   0x080000ec   0x00000004   Code   RO         5247    .ARM.Collect$$$$00000001  mc_w.l(entry2.o)
    0x080000f0   0x080000f0   0x00000004   Code   RO         5250    .ARM.Collect$$$$00000004  mc_w.l(entry5.o)
    0x080000f4   0x080000f4   0x00000000   Code   RO         5252    .ARM.Collect$$$$00000008  mc_w.l(entry7b.o)
    0x080000f4   0x080000f4   0x00000000   Code   RO         5254    .ARM.Collect$$$$0000000A  mc_w.l(entry8b.o)
    0x080000f4   0x080000f4   0x00000008   Code   RO         5255    .ARM.Collect$$$$0000000B  mc_w.l(entry9a.o)
    0x080000fc   0x080000fc   0x00000000   Code   RO         5257    .ARM.Collect$$$$0000000D  mc_w.l(entry10a.o)
    0x080000fc   0x080000fc   0x00000000   Code   RO         5259    .ARM.Collect$$$$0000000F  mc_w.l(entry11a.o)
    0x080000fc   0x080000fc   0x00000004   Code   RO         5248    .ARM.Collect$$$$00002712  mc_w.l(entry2.o)
    0x08000100   0x08000100   0x00000096   Code   RO         1588    .emb_text           port.o
    0x08000196   0x08000196   0x00000002   PAD
    0x08000198   0x08000198   0x00000024   Code   RO         4911    .text               startup_stm32f10x_md.o
    0x080001bc   0x080001bc   0x00000024   Code   RO         4964    .text               mc_w.l(memcpya.o)
    0x080001e0   0x080001e0   0x00000024   Code   RO         4966    .text               mc_w.l(memseta.o)
    0x08000204   0x08000204   0x00000024   Code   RO         4968    .text               mc_w.l(strstr.o)
    0x08000228   0x08000228   0x00000018   Code   RO         4970    .text               mc_w.l(strncpy.o)
    0x08000240   0x08000240   0x0000000e   Code   RO         4972    .text               mc_w.l(strlen.o)
    0x0800024e   0x0800024e   0x0000001a   Code   RO         5237    .text               mc_w.l(atoi.o)
    0x08000268   0x08000268   0x000000b0   Code   RO         5239    .text               mf_w.l(fadd.o)
    0x08000318   0x08000318   0x00000064   Code   RO         5241    .text               mf_w.l(fmul.o)
    0x0800037c   0x0800037c   0x0000000a   Code   RO         5243    .text               mf_w.l(ffltui.o)
    0x08000386   0x08000386   0x00000026   Code   RO         5245    .text               mf_w.l(f2d.o)
    0x080003ac   0x080003ac   0x0000002c   Code   RO         5262    .text               mc_w.l(uidiv.o)
    0x080003d8   0x080003d8   0x00000062   Code   RO         5264    .text               mc_w.l(uldiv.o)
    0x0800043a   0x0800043a   0x00000070   Code   RO         5273    .text               mc_w.l(strtol.o)
    0x080004aa   0x080004aa   0x00000000   Code   RO         5275    .text               mc_w.l(iusefp.o)
    0x080004aa   0x080004aa   0x0000006e   Code   RO         5276    .text               mf_w.l(fepilogue.o)
    0x08000518   0x08000518   0x0000014e   Code   RO         5278    .text               mf_w.l(dadd.o)
    0x08000666   0x08000666   0x000000e4   Code   RO         5280    .text               mf_w.l(dmul.o)
    0x0800074a   0x0800074a   0x000000de   Code   RO         5282    .text               mf_w.l(ddiv.o)
    0x08000828   0x08000828   0x00000030   Code   RO         5284    .text               mf_w.l(dfixul.o)
    0x08000858   0x08000858   0x00000030   Code   RO         5286    .text               mf_w.l(cdrcmple.o)
    0x08000888   0x08000888   0x00000024   Code   RO         5288    .text               mc_w.l(init.o)
    0x080008ac   0x080008ac   0x0000001e   Code   RO         5290    .text               mc_w.l(llshl.o)
    0x080008ca   0x080008ca   0x00000020   Code   RO         5292    .text               mc_w.l(llushr.o)
    0x080008ea   0x080008ea   0x00000024   Code   RO         5294    .text               mc_w.l(llsshr.o)
    0x0800090e   0x0800090e   0x00000002   PAD
    0x08000910   0x08000910   0x00000008   Code   RO         5296    .text               mc_w.l(ctype_o.o)
    0x08000918   0x08000918   0x0000009e   Code   RO         5324    .text               mc_w.l(_strtoul.o)
    0x080009b6   0x080009b6   0x000000ba   Code   RO         5326    .text               mf_w.l(depilogue.o)
    0x08000a70   0x08000a70   0x0000001c   Code   RO         5328    .text               mc_w.l(_chval.o)
    0x08000a8c   0x08000a8c   0x00000034   Code   RO          651    i.BuzzerInit        buzzer.o
    0x08000ac0   0x08000ac0   0x00000010   Code   RO          652    i.BuzzerOff         buzzer.o
    0x08000ad0   0x08000ad0   0x00000010   Code   RO          653    i.BuzzerOn          buzzer.o
    0x08000ae0   0x08000ae0   0x00000030   Code   RO          515    i.DHTInit           dht11.o
    0x08000b10   0x08000b10   0x0000002c   Code   RO          516    i.DHT_GetHumidity   dht11.o
    0x08000b3c   0x08000b3c   0x0000002c   Code   RO          517    i.DHT_GetTemperature  dht11.o
    0x08000b68   0x08000b68   0x0000007c   Code   RO          518    i.DHT_ReadData      dht11.o
    0x08000be4   0x08000be4   0x00000018   Code   RO          519    i.DHT_delayMs       dht11.o
    0x08000bfc   0x08000bfc   0x00000028   Code   RO          520    i.DHT_delayUs       dht11.o
    0x08000c24   0x08000c24   0x00000018   Code   RO         2491    i.DMA_Cmd           stm32f10x_dma.o
    0x08000c3c   0x08000c3c   0x00000008   Code   RO         2493    i.DMA_GetCurrDataCounter  stm32f10x_dma.o
    0x08000c44   0x08000c44   0x0000003c   Code   RO         2497    i.DMA_Init          stm32f10x_dma.o
    0x08000c80   0x08000c80   0x00000004   Code   RO         2498    i.DMA_SetCurrDataCounter  stm32f10x_dma.o
    0x08000c84   0x08000c84   0x00000320   Code   RO            4    i.ESP8266_Init_Sequence  main.o
    0x08000fa4   0x08000fa4   0x00000040   Code   RO            5    i.ESP_Send_Check    main.o
    0x08000fe4   0x08000fe4   0x00000116   Code   RO         2963    i.GPIO_Init         stm32f10x_gpio.o
    0x080010fa   0x080010fa   0x00000002   PAD
    0x080010fc   0x080010fc   0x00000090   Code   RO         2965    i.GPIO_PinRemapConfig  stm32f10x_gpio.o
    0x0800118c   0x0800118c   0x00000012   Code   RO         2967    i.GPIO_ReadInputDataBit  stm32f10x_gpio.o
    0x0800119e   0x0800119e   0x00000004   Code   RO         2970    i.GPIO_ResetBits    stm32f10x_gpio.o
    0x080011a2   0x080011a2   0x00000004   Code   RO         2971    i.GPIO_SetBits      stm32f10x_gpio.o
    0x080011a6   0x080011a6   0x00000002   PAD
    0x080011a8   0x080011a8   0x00000024   Code   RO          690    i.InfraredInit      infrared.o
    0x080011cc   0x080011cc   0x00000018   Code   RO          691    i.InfraredRead      infrared.o
    0x080011e4   0x080011e4   0x00000070   Code   RO         1662    i.NVIC_Init         misc.o
    0x08001254   0x08001254   0x00000014   Code   RO         1663    i.NVIC_PriorityGroupConfig  misc.o
    0x08001268   0x08001268   0x00000020   Code   RO         3426    i.RCC_AHBPeriphClockCmd  stm32f10x_rcc.o
    0x08001288   0x08001288   0x00000020   Code   RO         3427    i.RCC_APB1PeriphClockCmd  stm32f10x_rcc.o
    0x080012a8   0x080012a8   0x00000020   Code   RO         3429    i.RCC_APB2PeriphClockCmd  stm32f10x_rcc.o
    0x080012c8   0x080012c8   0x000000d4   Code   RO         3437    i.RCC_GetClocksFreq  stm32f10x_rcc.o
    0x0800139c   0x0800139c   0x00000028   Code   RO          521    i.SendRequest       dht11.o
    0x080013c4   0x080013c4   0x00000020   Code   RO          455    i.Send_Byte         usart.o
    0x080013e4   0x080013e4   0x00000016   Code   RO          456    i.Send_String       usart.o
    0x080013fa   0x080013fa   0x00000002   PAD
    0x080013fc   0x080013fc   0x00000018   Code   RO          522    i.SetIptDHT         dht11.o
    0x08001414   0x08001414   0x00000008   Code   RO         4918    i.SetSysClock       system_stm32f10x.o
    0x0800141c   0x0800141c   0x000000e0   Code   RO         4919    i.SetSysClockTo72   system_stm32f10x.o
    0x080014fc   0x080014fc   0x00000018   Code   RO          523    i.SetoutDHT         dht11.o
    0x08001514   0x08001514   0x00000034   Code   RO         1589    i.SysTick_Handler   port.o
    0x08001548   0x08001548   0x00000060   Code   RO         4921    i.SystemInit        system_stm32f10x.o
    0x080015a8   0x080015a8   0x00000018   Code   RO         4109    i.TIM_Cmd           stm32f10x_tim.o
    0x080015c0   0x080015c0   0x0000001e   Code   RO         4111    i.TIM_CtrlPWMOutputs  stm32f10x_tim.o
    0x080015de   0x080015de   0x00000002   PAD
    0x080015e0   0x080015e0   0x00000098   Code   RO         4138    i.TIM_OC1Init       stm32f10x_tim.o
    0x08001678   0x08001678   0x00000014   Code   RO         4156    i.TIM_OCStructInit  stm32f10x_tim.o
    0x0800168c   0x0800168c   0x00000004   Code   RO         4170    i.TIM_SetCompare1   stm32f10x_tim.o
    0x08001690   0x08001690   0x000000a4   Code   RO         4180    i.TIM_TimeBaseInit  stm32f10x_tim.o
    0x08001734   0x08001734   0x00000148   Code   RO            6    i.USART1_IRQHandler  main.o
    0x0800187c   0x0800187c   0x000000c0   Code   RO          457    i.USARTInit         usart.o
    0x0800193c   0x0800193c   0x00000018   Code   RO         4657    i.USART_Cmd         stm32f10x_usart.o
    0x08001954   0x08001954   0x00000012   Code   RO         4658    i.USART_DMACmd      stm32f10x_usart.o
    0x08001966   0x08001966   0x00000002   PAD
    0x08001968   0x08001968   0x00000054   Code   RO          458    i.USART_DMAConfig   usart.o
    0x080019bc   0x080019bc   0x0000001a   Code   RO         4660    i.USART_GetFlagStatus  stm32f10x_usart.o
    0x080019d6   0x080019d6   0x00000054   Code   RO         4661    i.USART_GetITStatus  stm32f10x_usart.o
    0x08001a2a   0x08001a2a   0x0000004a   Code   RO         4663    i.USART_ITConfig    stm32f10x_usart.o
    0x08001a74   0x08001a74   0x000000d8   Code   RO         4664    i.USART_Init        stm32f10x_usart.o
    0x08001b4c   0x08001b4c   0x0000000a   Code   RO         4671    i.USART_ReceiveData  stm32f10x_usart.o
    0x08001b56   0x08001b56   0x00000008   Code   RO         4674    i.USART_SendData    stm32f10x_usart.o
    0x08001b5e   0x08001b5e   0x00000002   PAD
    0x08001b60   0x08001b60   0x00000030   Code   RO         5210    i.__0snprintf       mc_w.l(printfa.o)
    0x08001b90   0x08001b90   0x00000008   Code   RO         5266    i.__aeabi_errno_addr  mc_w.l(errno.o)
    0x08001b98   0x08001b98   0x0000000e   Code   RO         5332    i.__scatterload_copy  mc_w.l(handlers.o)
    0x08001ba6   0x08001ba6   0x00000002   Code   RO         5333    i.__scatterload_null  mc_w.l(handlers.o)
    0x08001ba8   0x08001ba8   0x0000000e   Code   RO         5334    i.__scatterload_zeroinit  mc_w.l(handlers.o)
    0x08001bb6   0x08001bb6   0x00000002   PAD
    0x08001bb8   0x08001bb8   0x00000184   Code   RO         5216    i._fp_digits        mc_w.l(printfa.o)
    0x08001d3c   0x08001d3c   0x000006dc   Code   RO         5217    i._printf_core      mc_w.l(printfa.o)
    0x08002418   0x08002418   0x00000024   Code   RO         5218    i._printf_post_padding  mc_w.l(printfa.o)
    0x0800243c   0x0800243c   0x0000002e   Code   RO         5219    i._printf_pre_padding  mc_w.l(printfa.o)
    0x0800246a   0x0800246a   0x00000016   Code   RO         5220    i._snputc           mc_w.l(printfa.o)
    0x08002480   0x08002480   0x0000001c   Code   RO          723    i.back              motor.o
    0x0800249c   0x0800249c   0x000000b8   Code   RO            7    i.createTasks       main.o
    0x08002554   0x08002554   0x0000001e   Code   RO          259    i.delayMs           delay.o
    0x08002572   0x08002572   0x00000030   Code   RO          260    i.delayUs           delay.o
    0x080025a2   0x080025a2   0x00000002   PAD
    0x080025a4   0x080025a4   0x00000090   Code   RO            8    i.deviceCtrlTask    main.o
    0x08002634   0x08002634   0x00000034   Code   RO            9    i.dhtTask           main.o
    0x08002668   0x08002668   0x0000001c   Code   RO          724    i.forward           motor.o
    0x08002684   0x08002684   0x00000080   Code   RO          524    i.getByte           dht11.o
    0x08002704   0x08002704   0x0000005c   Code   RO          525    i.getRespone        dht11.o
    0x08002760   0x08002760   0x0000008c   Code   RO           10    i.jsonExtractValue  main.o
    0x080027ec   0x080027ec   0x00000040   Code   RO           11    i.jsonParseTask     main.o
    0x0800282c   0x0800282c   0x000000fc   Code   RO           12    i.jsonTask          main.o
    0x08002928   0x08002928   0x00000098   Code   RO          424    i.ledInit           led.o
    0x080029c0   0x080029c0   0x000000a4   Code   RO           13    i.main              main.o
    0x08002a64   0x08002a64   0x00000030   Code   RO          725    i.motorInit         motor.o
    0x08002a94   0x08002a94   0x000000c8   Code   RO           14    i.parseRecvJson     main.o
    0x08002b5c   0x08002b5c   0x000000c0   Code   RO         1221    i.prvAddCurrentTaskToDelayedList  tasks.o
    0x08002c1c   0x08002c1c   0x000000e4   Code   RO         1222    i.prvAddNewTaskToReadyList  tasks.o
    0x08002d00   0x08002d00   0x00000048   Code   RO         1223    i.prvCheckTasksWaitingTermination  tasks.o
    0x08002d48   0x08002d48   0x0000002a   Code   RO          941    i.prvCopyDataFromQueue  queue.o
    0x08002d72   0x08002d72   0x0000006a   Code   RO          942    i.prvCopyDataToQueue  queue.o
    0x08002ddc   0x08002ddc   0x00000012   Code   RO         1224    i.prvDeleteTCB      tasks.o
    0x08002dee   0x08002dee   0x00000002   PAD
    0x08002df0   0x08002df0   0x00000070   Code   RO         1527    i.prvHeapInit       heap_4.o
    0x08002e60   0x08002e60   0x00000028   Code   RO         1225    i.prvIdleTask       tasks.o
    0x08002e88   0x08002e88   0x00000026   Code   RO          943    i.prvInitialiseNewQueue  queue.o
    0x08002eae   0x08002eae   0x0000007a   Code   RO         1226    i.prvInitialiseNewTask  tasks.o
    0x08002f28   0x08002f28   0x00000068   Code   RO         1227    i.prvInitialiseTaskLists  tasks.o
    0x08002f90   0x08002f90   0x00000068   Code   RO         1528    i.prvInsertBlockIntoFreeList  heap_4.o
    0x08002ff8   0x08002ff8   0x0000001a   Code   RO          944    i.prvIsQueueEmpty   queue.o
    0x08003012   0x08003012   0x00000002   PAD
    0x08003014   0x08003014   0x00000030   Code   RO         1228    i.prvResetNextTaskUnblockTime  tasks.o
    0x08003044   0x08003044   0x00000016   Code   RO         1590    i.prvTaskExitError  port.o
    0x0800305a   0x0800305a   0x0000007e   Code   RO          946    i.prvUnlockQueue    queue.o
    0x080030d8   0x080030d8   0x000000e4   Code   RO         1530    i.pvPortMalloc      heap_4.o
    0x080031bc   0x080031bc   0x00000090   Code   RO          726    i.pwmInit           motor.o
    0x0800324c   0x0800324c   0x00000024   Code   RO         1591    i.pxPortInitialiseStack  port.o
    0x08003270   0x08003270   0x000000b0   Code   RO          621    i.servoInit         servo.o
    0x08003320   0x08003320   0x00000016   Code   RO          622    i.setAngle          servo.o
    0x08003336   0x08003336   0x00000002   PAD
    0x08003338   0x08003338   0x00000018   Code   RO          425    i.setBrightness     led.o
    0x08003350   0x08003350   0x00000018   Code   RO          727    i.setSpeed          motor.o
    0x08003368   0x08003368   0x0000001c   Code   RO          728    i.stop              motor.o
    0x08003384   0x08003384   0x00000028   Code   RO          902    i.uxListRemove      list.o
    0x080033ac   0x080033ac   0x0000000c   Code   RO         1232    i.uxTaskGetNumberOfTasks  tasks.o
    0x080033b8   0x080033b8   0x0000001a   Code   RO          903    i.vListInitialise   list.o
    0x080033d2   0x080033d2   0x00000006   Code   RO          904    i.vListInitialiseItem  list.o
    0x080033d8   0x080033d8   0x00000034   Code   RO          905    i.vListInsert       list.o
    0x0800340c   0x0800340c   0x00000018   Code   RO          906    i.vListInsertEnd    list.o
    0x08003424   0x08003424   0x00000024   Code   RO         1593    i.vPortEnterCritical  port.o
    0x08003448   0x08003448   0x00000020   Code   RO         1594    i.vPortExitCritical  port.o
    0x08003468   0x08003468   0x0000004c   Code   RO         1531    i.vPortFree         heap_4.o
    0x080034b4   0x080034b4   0x00000018   Code   RO         1595    i.vPortSetupTimerInterrupt  port.o
    0x080034cc   0x080034cc   0x00000034   Code   RO         1236    i.vTaskDelay        tasks.o
    0x08003500   0x08003500   0x000000d4   Code   RO         1237    i.vTaskDelete       tasks.o
    0x080035d4   0x080035d4   0x00000018   Code   RO         1240    i.vTaskInternalSetTimeOutState  tasks.o
    0x080035ec   0x080035ec   0x0000000c   Code   RO         1241    i.vTaskMissedYield  tasks.o
    0x080035f8   0x080035f8   0x00000020   Code   RO         1242    i.vTaskPlaceOnEventList  tasks.o
    0x08003618   0x08003618   0x0000006c   Code   RO         1248    i.vTaskStartScheduler  tasks.o
    0x08003684   0x08003684   0x00000010   Code   RO         1250    i.vTaskSuspendAll   tasks.o
    0x08003694   0x08003694   0x00000060   Code   RO         1251    i.vTaskSwitchContext  tasks.o
    0x080036f4   0x080036f4   0x00000034   Code   RO         1596    i.xPortStartScheduler  port.o
    0x08003728   0x08003728   0x0000004c   Code   RO          951    i.xQueueGenericCreate  queue.o
    0x08003774   0x08003774   0x000000a0   Code   RO          952    i.xQueueGenericReset  queue.o
    0x08003814   0x08003814   0x00000098   Code   RO          954    i.xQueueGenericSendFromISR  queue.o
    0x080038ac   0x080038ac   0x00000104   Code   RO          960    i.xQueueReceive     queue.o
    0x080039b0   0x080039b0   0x00000060   Code   RO         1253    i.xTaskCheckForTimeOut  tasks.o
    0x08003a10   0x08003a10   0x00000068   Code   RO         1254    i.xTaskCreate       tasks.o
    0x08003a78   0x08003a78   0x00000190   Code   RO         1263    i.xTaskIncrementTick  tasks.o
    0x08003c08   0x08003c08   0x00000108   Code   RO         1264    i.xTaskRemoveFromEventList  tasks.o
    0x08003d10   0x08003d10   0x0000015c   Code   RO         1265    i.xTaskResumeAll    tasks.o
    0x08003e6c   0x08003e6c   0x00000081   Data   RO         5297    .constdata          mc_w.l(ctype_o.o)
    0x08003eed   0x08003eed   0x00000003   PAD
    0x08003ef0   0x08003ef0   0x00000004   Data   RO         5298    .constdata          mc_w.l(ctype_o.o)
    0x08003ef4   0x08003ef4   0x0000006d   Data   RO           16    .conststring        main.o
    0x08003f61   0x08003f61   0x00000003   PAD
    0x08003f64   0x08003f64   0x00000020   Data   RO         5330    Region$$Table       anon$$obj.o


    Execution Region RW_IRAM1 (Exec base: 0x20000000, Load base: 0x08003f84, Size: 0x00004c30, Max: 0x00005000, ABSOLUTE)

    Exec Addr    Load Addr    Size         Type   Attr      Idx    E Section Name        Object

    0x20000000   0x08003f84   0x00000039   Data   RW           17    .data               main.o
    0x20000039   0x08003fbd   0x00000003   PAD
    0x2000003c   0x08003fc0   0x00000008   Data   RW          461    .data               usart.o
    0x20000044   0x08003fc8   0x00000004   Data   RW          526    .data               dht11.o
    0x20000048   0x08003fcc   0x00000040   Data   RW         1268    .data               tasks.o
    0x20000088   0x0800400c   0x0000001c   Data   RW         1537    .data               heap_4.o
    0x200000a4   0x08004028   0x00000004   Data   RW         1597    .data               port.o
    0x200000a8   0x0800402c   0x00000014   Data   RW         3457    .data               stm32f10x_rcc.o
    0x200000bc   0x08004040   0x00000014   Data   RW         4922    .data               system_stm32f10x.o
    0x200000d0   0x08004054   0x00000004   Data   RW         5269    .data               mc_w.l(errno.o)
    0x200000d4        -       0x000001c8   Zero   RW           15    .bss                main.o
    0x2000029c        -       0x000000c8   Zero   RW          460    .bss                usart.o
    0x20000364        -       0x000000c8   Zero   RW         1267    .bss                tasks.o
    0x2000042c        -       0x00004400   Zero   RW         1536    .bss                heap_4.o
    0x2000482c   0x08004058   0x00000004   PAD
    0x20004830        -       0x00000400   Zero   RW         4908    STACK               startup_stm32f10x_md.o


==============================================================================

Image component sizes


      Code (inc. data)   RO Data    RW Data    ZI Data      Debug   Object Name

        84         14          0          0          0       1296   buzzer.o
         0          0          0          0          0       7948   croutine.o
        78          0          0          0          0        884   delay.o
       632         66          0          4          0       5961   dht11.o
         0          0          0          0          0      14364   event_groups.o
       520         58          0         28      17408       4247   heap_4.o
        60          8          0          0          0        946   infrared.o
       176         16          0          0          0       1010   led.o
       148          0          0          0          0       2914   list.o
      2392        946        109         57        456     283312   main.o
       132         22          0          0          0       1691   misc.o
       300         32          0          0          0       2625   motor.o
       404         48          0          4          0       8376   port.o
       986          8          0          0          0      11130   queue.o
       198         14          0          0          0       1019   servo.o
        36          8        236          0       1024        792   startup_stm32f10x_md.o
        96          0          0          0          0       4115   stm32f10x_dma.o
       448          6          0          0          0       4746   stm32f10x_gpio.o
       308         38          0         20          0       5210   stm32f10x_rcc.o
       394         62          0          0          0       4377   stm32f10x_tim.o
       460          6          0          0          0       7116   stm32f10x_usart.o
       328         28          0         20          0       2165   system_stm32f10x.o
      2600        356          0         64        200      29158   tasks.o
       330         24          0          8        200       2649   usart.o

    ----------------------------------------------------------------------
     11132       1760        380        208      19292     408051   Object Totals
         0          0         32          0          0          0   (incl. Generated)
        22          0          3          3          4          0   (incl. Padding)

    ----------------------------------------------------------------------

      Code (inc. data)   RO Data    RW Data    ZI Data      Debug   Library Member Name

        28          0          0          0          0         68   _chval.o
       158          0          0          0          0         92   _strtoul.o
        26          0          0          0          0         80   atoi.o
         8          4        133          0          0         68   ctype_o.o
         0          0          0          0          0          0   entry.o
         0          0          0          0          0          0   entry10a.o
         0          0          0          0          0          0   entry11a.o
         8          4          0          0          0          0   entry2.o
         4          0          0          0          0          0   entry5.o
         0          0          0          0          0          0   entry7b.o
         0          0          0          0          0          0   entry8b.o
         8          4          0          0          0          0   entry9a.o
         8          4          0          4          0         68   errno.o
        30          0          0          0          0          0   handlers.o
        36          8          0          0          0         68   init.o
         0          0          0          0          0          0   iusefp.o
        30          0          0          0          0         68   llshl.o
        36          0          0          0          0         68   llsshr.o
        32          0          0          0          0         68   llushr.o
        36          0          0          0          0         68   memcpya.o
        36          0          0          0          0        108   memseta.o
      2296         84          0          0          0        520   printfa.o
        14          0          0          0          0         68   strlen.o
        24          0          0          0          0         76   strncpy.o
        36          0          0          0          0         80   strstr.o
       112          0          0          0          0         88   strtol.o
        44          0          0          0          0         80   uidiv.o
        98          0          0          0          0         92   uldiv.o
        48          0          0          0          0         68   cdrcmple.o
       334          0          0          0          0        148   dadd.o
       222          0          0          0          0        100   ddiv.o
       186          0          0          0          0        176   depilogue.o
        48          0          0          0          0         68   dfixul.o
       228          0          0          0          0         96   dmul.o
        38          0          0          0          0         68   f2d.o
       176          0          0          0          0        140   fadd.o
       110          0          0          0          0        168   fepilogue.o
        10          0          0          0          0         68   ffltui.o
       100          0          0          0          0         76   fmul.o

    ----------------------------------------------------------------------
      4612        108        136          4          0       3004   Library Totals
         4          0          3          0          0          0   (incl. Padding)

    ----------------------------------------------------------------------

      Code (inc. data)   RO Data    RW Data    ZI Data      Debug   Library Name

      3108        108        133          4          0       1828   mc_w.l
      1500          0          0          0          0       1176   mf_w.l

    ----------------------------------------------------------------------
      4612        108        136          4          0       3004   Library Totals

    ----------------------------------------------------------------------

==============================================================================


      Code (inc. data)   RO Data    RW Data    ZI Data      Debug   

     15744       1868        516        212      19292     403407   Grand Totals
     15744       1868        516        212      19292     403407   ELF Image Totals
     15744       1868        516        212          0          0   ROM Totals

==============================================================================

    Total RO  Size (Code + RO Data)                16260 (  15.88kB)
    Total RW  Size (RW Data + ZI Data)             19504 (  19.05kB)
    Total ROM Size (Code + RO Data + RW Data)      16472 (  16.09kB)

==============================================================================

